11:13:30 **** Build of configuration Debug for project ECG_PCB ****
make -j20 all 
arm-none-eabi-gcc -mcpu=cortex-m0 -g3 -DDEBUG -c -x assembler-with-cpp -MMD -MP -MF"Startup/startup_stm32f030cctx.d" -MT"Startup/startup_stm32f030cctx.o" --specs=nano.specs -mfloat-abi=soft -mthumb -o "Startup/startup_stm32f030cctx.o" "../Startup/startup_stm32f030cctx.s"
arm-none-eabi-gcc "../Src/main.c" -mcpu=cortex-m0 -std=gnu11 -g3 -DDEBUG -DSTM32F030CCTx -DSTM32 -DSTM32F0 -c -I../Inc -O0 -ffunction-sections -fdata-sections -Wall -fstack-usage -fcyclomatic-complexity -MMD -MP -MF"Src/main.d" -MT"Src/main.o" --specs=nano.specs -mfloat-abi=soft -mthumb -o "Src/main.o"
arm-none-eabi-gcc "../Src/syscalls.c" -mcpu=cortex-m0 -std=gnu11 -g3 -DDEBUG -DSTM32F030CCTx -DSTM32 -DSTM32F0 -c -I../Inc -O0 -ffunction-sections -fdata-sections -Wall -fstack-usage -fcyclomatic-complexity -MMD -MP -MF"Src/syscalls.d" -MT"Src/syscalls.o" --specs=nano.specs -mfloat-abi=soft -mthumb -o "Src/syscalls.o"
arm-none-eabi-gcc "../Src/sysmem.c" -mcpu=cortex-m0 -std=gnu11 -g3 -DDEBUG -DSTM32F030CCTx -DSTM32 -DSTM32F0 -c -I../Inc -O0 -ffunction-sections -fdata-sections -Wall -fstack-usage -fcyclomatic-complexity -MMD -MP -MF"Src/sysmem.d" -MT"Src/sysmem.o" --specs=nano.specs -mfloat-abi=soft -mthumb -o "Src/sysmem.o"
arm-none-eabi-g++ -o "ECG_PCB.elf" @"objects.list"   -mcpu=cortex-m0 -T"C:\Users\jackm\STM32CubeIDE\ECG_PCB1\ECG_PCB\STM32F030CCTX_FLASH.ld" --specs=nosys.specs -Wl,-Map="ECG_PCB.map" -Wl,--gc-sections -static --specs=nano.specs -mfloat-abi=soft -mthumb -Wl,--start-group -lc -lm -lstdc++ -lsupc++ -Wl,--end-group
Finished building target: ECG_PCB.elf
 
arm-none-eabi-size  ECG_PCB.elf 
arm-none-eabi-objdump -h -S ECG_PCB.elf  > "ECG_PCB.list"
   text	   data	    bss	    dec	    hex	filename
    460	      0	   1568	   2028	    7ec	ECG_PCB.elf
Finished building: default.size.stdout
 
Finished building: ECG_PCB.list
 

11:13:31 Build Finished. 0 errors, 0 warnings. (took 759ms)

