11:11:31 **** Incremental Build of configuration Debug for project LedBlink ****
make -j20 all 
arm-none-eabi-size  LedBlink.elf 
   text	   data	    bss	    dec	    hex	filename
   7220	     12	   1708	   8940	   22ec	LedBlink.elf
Finished building: default.size.stdout
 
11:12:09 **** Incremental Build of configuration Debug for project LedBlink ****
make -j20 all 
arm-none-eabi-size  LedBlink.elf 
   text	   data	    bss	    dec	    hex	filename
   7220	     12	   1708	   8940	   22ec	LedBlink.elf
Finished building: default.size.stdout
 
11:57:50 **** Build of configuration Debug for project LedBlink ****
make -j20 all 
arm-none-eabi-size  LedBlink.elf 
   text	   data	    bss	    dec	    hex	filename
   7220	     12	   1708	   8940	   22ec	LedBlink.elf
Finished building: default.size.stdout
 
12:06:43 **** Incremental Build of configuration Debug for project LedBlink ****
make -j20 all 
arm-none-eabi-size  LedBlink.elf 
   text	   data	    bss	    dec	    hex	filename
   7220	     12	   1708	   8940	   22ec	LedBlink.elf
Finished building: default.size.stdout
 
12:14:22 **** Incremental Build of configuration Debug for project LedBlink ****
make -j20 all 
arm-none-eabi-size  LedBlink.elf 
   text	   data	    bss	    dec	    hex	filename
   7220	     12	   1708	   8940	   22ec	LedBlink.elf
Finished building: default.size.stdout
 
12:19:54 **** Incremental Build of configuration Debug for project LedBlink ****
make -j20 all 
arm-none-eabi-size  LedBlink.elf 
   text	   data	    bss	    dec	    hex	filename
   7220	     12	   1708	   8940	   22ec	LedBlink.elf
Finished building: default.size.stdout
 
12:20:01 **** Incremental Build of configuration Debug for project LedBlink ****
make -j20 all 
arm-none-eabi-size  LedBlink.elf 
   text	   data	    bss	    dec	    hex	filename
   7220	     12	   1708	   8940	   22ec	LedBlink.elf
Finished building: default.size.stdout
 
14:12:23 **** Incremental Build of configuration Debug for project LedBlink ****
make -j20 all 
arm-none-eabi-size  LedBlink.elf 
   text	   data	    bss	    dec	    hex	filename
   7220	     12	   1708	   8940	   22ec	LedBlink.elf
Finished building: default.size.stdout
 
14:44:40 **** Incremental Build of configuration Debug for project LedBlink ****
make -j20 all 
arm-none-eabi-size  LedBlink.elf 
   text	   data	    bss	    dec	    hex	filename
   7220	     12	   1708	   8940	   22ec	LedBlink.elf
Finished building: default.size.stdout
 
14:48:36 **** Incremental Build of configuration Debug for project LedBlink ****
make -j20 all 
arm-none-eabi-gcc "../Core/Src/main.c" -mcpu=cortex-m0 -std=gnu11 -g3 -DDEBUG -DUSE_HAL_DRIVER -DSTM32F030x8 -c -I../Core/Inc -I../Drivers/STM32F0xx_HAL_Driver/Inc -I../Drivers/STM32F0xx_HAL_Driver/Inc/Legacy -I../Drivers/CMSIS/Device/ST/STM32F0xx/Include -I../Drivers/CMSIS/Include -O0 -ffunction-sections -fdata-sections -Wall -fstack-usage -fcyclomatic-complexity -MMD -MP -MF"Core/Src/main.d" -MT"Core/Src/main.o" --specs=nano.specs -mfloat-abi=soft -mthumb -o "Core/Src/main.o"
arm-none-eabi-gcc -o "LedBlink.elf" @"objects.list"   -mcpu=cortex-m0 -T"C:\Users\jackm\STM32CubeIDE\workspace_1.18.1\LedBlink\STM32F030R8TX_FLASH.ld" --specs=nosys.specs -Wl,-Map="LedBlink.map" -Wl,--gc-sections -static --specs=nano.specs -mfloat-abi=soft -mthumb -Wl,--start-group -lc -lm -Wl,--end-group
Finished building target: LedBlink.elf
 
arm-none-eabi-size  LedBlink.elf 
arm-none-eabi-objdump -h -S LedBlink.elf  > "LedBlink.list"
   text	   data	    bss	    dec	    hex	filename
   7220	     12	   1708	   8940	   22ec	LedBlink.elf
Finished building: default.size.stdout
 
Finished building: LedBlink.list
 
14:48:39 **** Build of configuration Debug for project getting_started ****
make -j20 all 
arm-none-eabi-gcc "../Core/Src/main.c" -mcpu=cortex-m4 -std=gnu11 -g3 -DDEBUG -DUSE_HAL_DRIVER -DSTM32F446xx -c -I../Core/Inc -I../Drivers/STM32F4xx_HAL_Driver/Inc -I../Drivers/STM32F4xx_HAL_Driver/Inc/Legacy -I../Drivers/CMSIS/Device/ST/STM32F4xx/Include -I../Drivers/CMSIS/Include -O0 -ffunction-sections -fdata-sections -Wall -fstack-usage -fcyclomatic-complexity -MMD -MP -MF"Core/Src/main.d" -MT"Core/Src/main.o" --specs=nano.specs -mfpu=fpv4-sp-d16 -mfloat-abi=hard -mthumb -o "Core/Src/main.o"
../Core/Src/main.c: In function 'MP41050_Write_Bit':
../Core/Src/main.c:63:25: warning: implicit declaration of function 'printf' [-Wimplicit-function-declaration]
   63 |                         printf("Error(Write_Bit): Value out of range\n");
      |                         ^~~~~~
../Core/Src/main.c:21:1: note: include '<stdio.h>' or provide a declaration of 'printf'
   20 | #include "main.h"
  +++ |+#include <stdio.h>
   21 | 
../Core/Src/main.c:63:25: warning: incompatible implicit declaration of built-in function 'printf' [-Wbuiltin-declaration-mismatch]
   63 |                         printf("Error(Write_Bit): Value out of range\n");
      |                         ^~~~~~
../Core/Src/main.c:63:25: note: include '<stdio.h>' or provide a declaration of 'printf'
../Core/Src/main.c: In function 'MP41050_Write_Resistance':
../Core/Src/main.c:99:25: warning: incompatible implicit declaration of built-in function 'printf' [-Wbuiltin-declaration-mismatch]
   99 |                         printf("Error(Write_Resistance): Resistance out of range\n");
      |                         ^~~~~~
../Core/Src/main.c:99:25: note: include '<stdio.h>' or provide a declaration of 'printf'
../Core/Src/main.c:104:37: warning: implicit declaration of function 'resistanceToBit' [-Wimplicit-function-declaration]
  104 |         uint8_t data[2] = {command, resistanceToBit(res)};
      |                                     ^~~~~~~~~~~~~~~
../Core/Src/main.c: At top level:
../Core/Src/main.c:114:9: error: conflicting types for 'resistanceToBit'; have 'uint8_t(int)' {aka 'unsigned char(int)'}
  114 | uint8_t resistanceToBit(int res){
      |         ^~~~~~~~~~~~~~~
../Core/Src/main.c:104:37: note: previous implicit declaration of 'resistanceToBit' with type 'int()'
  104 |         uint8_t data[2] = {command, resistanceToBit(res)};
      |                                     ^~~~~~~~~~~~~~~
../Core/Src/main.c: In function 'resistanceToBit':
../Core/Src/main.c:116:17: warning: incompatible implicit declaration of built-in function 'printf' [-Wbuiltin-declaration-mismatch]
  116 |                 printf("Error(resToBit): Resistance out of range\n");
      |                 ^~~~~~
../Core/Src/main.c:116:17: note: include '<stdio.h>' or provide a declaration of 'printf'
make: *** [Core/Src/subdir.mk:34: Core/Src/main.o] Error 1
"make -j20 all" terminated with exit code 2. Build might be incomplete.
14:48:47 **** Incremental Build of configuration Debug for project LedBlink ****
make -j20 all 
arm-none-eabi-size  LedBlink.elf 
   text	   data	    bss	    dec	    hex	filename
   7220	     12	   1708	   8940	   22ec	LedBlink.elf
Finished building: default.size.stdout
 
14:48:53 **** Incremental Build of configuration Debug for project LedBlink ****
make -j20 all 
arm-none-eabi-size  LedBlink.elf 
   text	   data	    bss	    dec	    hex	filename
   7220	     12	   1708	   8940	   22ec	LedBlink.elf
Finished building: default.size.stdout
 
14:49:55 **** Incremental Build of configuration Debug for project LedBlink ****
make -j20 all 
arm-none-eabi-gcc "../Core/Src/main.c" -mcpu=cortex-m0 -std=gnu11 -g3 -DDEBUG -DUSE_HAL_DRIVER -DSTM32F030x8 -c -I../Core/Inc -I../Drivers/STM32F0xx_HAL_Driver/Inc -I../Drivers/STM32F0xx_HAL_Driver/Inc/Legacy -I../Drivers/CMSIS/Device/ST/STM32F0xx/Include -I../Drivers/CMSIS/Include -O0 -ffunction-sections -fdata-sections -Wall -fstack-usage -fcyclomatic-complexity -MMD -MP -MF"Core/Src/main.d" -MT"Core/Src/main.o" --specs=nano.specs -mfloat-abi=soft -mthumb -o "Core/Src/main.o"
arm-none-eabi-gcc -o "LedBlink.elf" @"objects.list"   -mcpu=cortex-m0 -T"C:\Users\jackm\STM32CubeIDE\workspace_1.18.1\LedBlink\STM32F030R8TX_FLASH.ld" --specs=nosys.specs -Wl,-Map="LedBlink.map" -Wl,--gc-sections -static --specs=nano.specs -mfloat-abi=soft -mthumb -Wl,--start-group -lc -lm -Wl,--end-group
Finished building target: LedBlink.elf
 
arm-none-eabi-size  LedBlink.elf 
arm-none-eabi-objdump -h -S LedBlink.elf  > "LedBlink.list"
   text	   data	    bss	    dec	    hex	filename
   7248	     12	   1708	   8968	   2308	LedBlink.elf
Finished building: default.size.stdout
 
Finished building: LedBlink.list
 
10:54:08 **** Incremental Build of configuration Debug for project LedBlink ****
make -j20 all 
arm-none-eabi-size  LedBlink.elf 
   text	   data	    bss	    dec	    hex	filename
   7248	     12	   1708	   8968	   2308	LedBlink.elf
Finished building: default.size.stdout
 
10:57:24 **** Incremental Build of configuration Debug for project LedBlink ****
make -j20 all 
arm-none-eabi-size  LedBlink.elf 
   text	   data	    bss	    dec	    hex	filename
   7248	     12	   1708	   8968	   2308	LedBlink.elf
Finished building: default.size.stdout
 
10:58:09 **** Incremental Build of configuration Debug for project LedBlink ****
make -j20 all 
arm-none-eabi-gcc "../Core/Src/main.c" -mcpu=cortex-m0 -std=gnu11 -g3 -DDEBUG -DUSE_HAL_DRIVER -DSTM32F030x8 -c -I../Core/Inc -I../Drivers/STM32F0xx_HAL_Driver/Inc -I../Drivers/STM32F0xx_HAL_Driver/Inc/Legacy -I../Drivers/CMSIS/Device/ST/STM32F0xx/Include -I../Drivers/CMSIS/Include -O0 -ffunction-sections -fdata-sections -Wall -fstack-usage -fcyclomatic-complexity -MMD -MP -MF"Core/Src/main.d" -MT"Core/Src/main.o" --specs=nano.specs -mfloat-abi=soft -mthumb -o "Core/Src/main.o"
arm-none-eabi-gcc -o "LedBlink.elf" @"objects.list"   -mcpu=cortex-m0 -T"C:\Users\jackm\STM32CubeIDE\workspace_1.18.1\LedBlink\STM32F030R8TX_FLASH.ld" --specs=nosys.specs -Wl,-Map="LedBlink.map" -Wl,--gc-sections -static --specs=nano.specs -mfloat-abi=soft -mthumb -Wl,--start-group -lc -lm -Wl,--end-group
Finished building target: LedBlink.elf
 
arm-none-eabi-size  LedBlink.elf 
arm-none-eabi-objdump -h -S LedBlink.elf  > "LedBlink.list"
   text	   data	    bss	    dec	    hex	filename
   7248	     12	   1708	   8968	   2308	LedBlink.elf
Finished building: default.size.stdout
 
Finished building: LedBlink.list
 
11:06:38 **** Incremental Build of configuration Debug for project LedBlink ****
make -j20 all 
arm-none-eabi-size  LedBlink.elf 
   text	   data	    bss	    dec	    hex	filename
   7248	     12	   1708	   8968	   2308	LedBlink.elf
Finished building: default.size.stdout
 
11:41:10 **** Incremental Build of configuration Debug for project LedBlink ****
make -j20 all 
arm-none-eabi-size  LedBlink.elf 
   text	   data	    bss	    dec	    hex	filename
   7248	     12	   1708	   8968	   2308	LedBlink.elf
Finished building: default.size.stdout
 
11:54:41 **** Incremental Build of configuration Debug for project LedBlink ****
make -j20 all 
arm-none-eabi-size  LedBlink.elf 
   text	   data	    bss	    dec	    hex	filename
   7248	     12	   1708	   8968	   2308	LedBlink.elf
Finished building: default.size.stdout
 
11:55:19 **** Incremental Build of configuration Debug for project LedBlink ****
make -j20 all 
arm-none-eabi-size  LedBlink.elf 
   text	   data	    bss	    dec	    hex	filename
   7248	     12	   1708	   8968	   2308	LedBlink.elf
Finished building: default.size.stdout
 
11:55:35 **** Incremental Build of configuration Debug for project LedBlink ****
make -j20 all 
arm-none-eabi-size  LedBlink.elf 
   text	   data	    bss	    dec	    hex	filename
   7248	     12	   1708	   8968	   2308	LedBlink.elf
Finished building: default.size.stdout
 
12:31:27 **** Incremental Build of configuration Debug for project LedBlink ****
make -j20 all 
arm-none-eabi-size  LedBlink.elf 
   text	   data	    bss	    dec	    hex	filename
   7248	     12	   1708	   8968	   2308	LedBlink.elf
Finished building: default.size.stdout
 
10:10:23 **** Incremental Build of configuration Debug for project LedBlink ****
make -j20 all 
arm-none-eabi-size  LedBlink.elf 
   text	   data	    bss	    dec	    hex	filename
   7248	     12	   1708	   8968	   2308	LedBlink.elf
Finished building: default.size.stdout
 
10:10:24 **** Incremental Build of configuration Debug for project getting_started ****
make -j20 all 
arm-none-eabi-gcc "../Core/Src/main.c" -mcpu=cortex-m4 -std=gnu11 -g3 -DDEBUG -DUSE_HAL_DRIVER -DSTM32F446xx -c -I../Core/Inc -I../Drivers/STM32F4xx_HAL_Driver/Inc -I../Drivers/STM32F4xx_HAL_Driver/Inc/Legacy -I../Drivers/CMSIS/Device/ST/STM32F4xx/Include -I../Drivers/CMSIS/Include -O0 -ffunction-sections -fdata-sections -Wall -fstack-usage -fcyclomatic-complexity -MMD -MP -MF"Core/Src/main.d" -MT"Core/Src/main.o" --specs=nano.specs -mfpu=fpv4-sp-d16 -mfloat-abi=hard -mthumb -o "Core/Src/main.o"
../Core/Src/main.c: In function 'MP41050_Write_Bit':
../Core/Src/main.c:63:25: warning: implicit declaration of function 'printf' [-Wimplicit-function-declaration]
   63 |                         printf("Error(Write_Bit): Value out of range\n");
      |                         ^~~~~~
../Core/Src/main.c:21:1: note: include '<stdio.h>' or provide a declaration of 'printf'
   20 | #include "main.h"
  +++ |+#include <stdio.h>
   21 | 
../Core/Src/main.c:63:25: warning: incompatible implicit declaration of built-in function 'printf' [-Wbuiltin-declaration-mismatch]
   63 |                         printf("Error(Write_Bit): Value out of range\n");
      |                         ^~~~~~
../Core/Src/main.c:63:25: note: include '<stdio.h>' or provide a declaration of 'printf'
../Core/Src/main.c: In function 'MP41050_Write_Resistance':
../Core/Src/main.c:99:25: warning: incompatible implicit declaration of built-in function 'printf' [-Wbuiltin-declaration-mismatch]
   99 |                         printf("Error(Write_Resistance): Resistance out of range\n");
      |                         ^~~~~~
../Core/Src/main.c:99:25: note: include '<stdio.h>' or provide a declaration of 'printf'
../Core/Src/main.c:104:37: warning: implicit declaration of function 'resistanceToBit' [-Wimplicit-function-declaration]
  104 |         uint8_t data[2] = {command, resistanceToBit(res)};
      |                                     ^~~~~~~~~~~~~~~
../Core/Src/main.c: At top level:
../Core/Src/main.c:114:9: error: conflicting types for 'resistanceToBit'; have 'uint8_t(int)' {aka 'unsigned char(int)'}
  114 | uint8_t resistanceToBit(int res){
      |         ^~~~~~~~~~~~~~~
../Core/Src/main.c:104:37: note: previous implicit declaration of 'resistanceToBit' with type 'int()'
  104 |         uint8_t data[2] = {command, resistanceToBit(res)};
      |                                     ^~~~~~~~~~~~~~~
../Core/Src/main.c: In function 'resistanceToBit':
../Core/Src/main.c:116:17: warning: incompatible implicit declaration of built-in function 'printf' [-Wbuiltin-declaration-mismatch]
  116 |                 printf("Error(resToBit): Resistance out of range\n");
      |                 ^~~~~~
../Core/Src/main.c:116:17: note: include '<stdio.h>' or provide a declaration of 'printf'
make: *** [Core/Src/subdir.mk:34: Core/Src/main.o] Error 1
"make -j20 all" terminated with exit code 2. Build might be incomplete.
13:25:37 **** Build of configuration Debug for project MuxTest ****
make -j20 all 
arm-none-eabi-gcc "../Drivers/STM32L1xx_HAL_Driver/Src/stm32l1xx_hal.c" -mcpu=cortex-m3 -std=gnu11 -g3 -DDEBUG -DUSE_HAL_DRIVER -DSTM32L152xE -c -I../Core/Inc -I../Drivers/STM32L1xx_HAL_Driver/Inc -I../Drivers/STM32L1xx_HAL_Driver/Inc/Legacy -I../Drivers/CMSIS/Device/ST/STM32L1xx/Include -I../Drivers/CMSIS/Include -O0 -ffunction-sections -fdata-sections -Wall -fstack-usage -fcyclomatic-complexity -MMD -MP -MF"Drivers/STM32L1xx_HAL_Driver/Src/stm32l1xx_hal.d" -MT"Drivers/STM32L1xx_HAL_Driver/Src/stm32l1xx_hal.o" --specs=nano.specs -mfloat-abi=soft -mthumb -o "Drivers/STM32L1xx_HAL_Driver/Src/stm32l1xx_hal.o"
arm-none-eabi-gcc "../Drivers/STM32L1xx_HAL_Driver/Src/stm32l1xx_hal_cortex.c" -mcpu=cortex-m3 -std=gnu11 -g3 -DDEBUG -DUSE_HAL_DRIVER -DSTM32L152xE -c -I../Core/Inc -I../Drivers/STM32L1xx_HAL_Driver/Inc -I../Drivers/STM32L1xx_HAL_Driver/Inc/Legacy -I../Drivers/CMSIS/Device/ST/STM32L1xx/Include -I../Drivers/CMSIS/Include -O0 -ffunction-sections -fdata-sections -Wall -fstack-usage -fcyclomatic-complexity -MMD -MP -MF"Drivers/STM32L1xx_HAL_Driver/Src/stm32l1xx_hal_cortex.d" -MT"Drivers/STM32L1xx_HAL_Driver/Src/stm32l1xx_hal_cortex.o" --specs=nano.specs -mfloat-abi=soft -mthumb -o "Drivers/STM32L1xx_HAL_Driver/Src/stm32l1xx_hal_cortex.o"
arm-none-eabi-gcc "../Drivers/STM32L1xx_HAL_Driver/Src/stm32l1xx_hal_dma.c" -mcpu=cortex-m3 -std=gnu11 -g3 -DDEBUG -DUSE_HAL_DRIVER -DSTM32L152xE -c -I../Core/Inc -I../Drivers/STM32L1xx_HAL_Driver/Inc -I../Drivers/STM32L1xx_HAL_Driver/Inc/Legacy -I../Drivers/CMSIS/Device/ST/STM32L1xx/Include -I../Drivers/CMSIS/Include -O0 -ffunction-sections -fdata-sections -Wall -fstack-usage -fcyclomatic-complexity -MMD -MP -MF"Drivers/STM32L1xx_HAL_Driver/Src/stm32l1xx_hal_dma.d" -MT"Drivers/STM32L1xx_HAL_Driver/Src/stm32l1xx_hal_dma.o" --specs=nano.specs -mfloat-abi=soft -mthumb -o "Drivers/STM32L1xx_HAL_Driver/Src/stm32l1xx_hal_dma.o"
arm-none-eabi-gcc "../Drivers/STM32L1xx_HAL_Driver/Src/stm32l1xx_hal_exti.c" -mcpu=cortex-m3 -std=gnu11 -g3 -DDEBUG -DUSE_HAL_DRIVER -DSTM32L152xE -c -I../Core/Inc -I../Drivers/STM32L1xx_HAL_Driver/Inc -I../Drivers/STM32L1xx_HAL_Driver/Inc/Legacy -I../Drivers/CMSIS/Device/ST/STM32L1xx/Include -I../Drivers/CMSIS/Include -O0 -ffunction-sections -fdata-sections -Wall -fstack-usage -fcyclomatic-complexity -MMD -MP -MF"Drivers/STM32L1xx_HAL_Driver/Src/stm32l1xx_hal_exti.d" -MT"Drivers/STM32L1xx_HAL_Driver/Src/stm32l1xx_hal_exti.o" --specs=nano.specs -mfloat-abi=soft -mthumb -o "Drivers/STM32L1xx_HAL_Driver/Src/stm32l1xx_hal_exti.o"
arm-none-eabi-gcc "../Drivers/STM32L1xx_HAL_Driver/Src/stm32l1xx_hal_flash.c" -mcpu=cortex-m3 -std=gnu11 -g3 -DDEBUG -DUSE_HAL_DRIVER -DSTM32L152xE -c -I../Core/Inc -I../Drivers/STM32L1xx_HAL_Driver/Inc -I../Drivers/STM32L1xx_HAL_Driver/Inc/Legacy -I../Drivers/CMSIS/Device/ST/STM32L1xx/Include -I../Drivers/CMSIS/Include -O0 -ffunction-sections -fdata-sections -Wall -fstack-usage -fcyclomatic-complexity -MMD -MP -MF"Drivers/STM32L1xx_HAL_Driver/Src/stm32l1xx_hal_flash.d" -MT"Drivers/STM32L1xx_HAL_Driver/Src/stm32l1xx_hal_flash.o" --specs=nano.specs -mfloat-abi=soft -mthumb -o "Drivers/STM32L1xx_HAL_Driver/Src/stm32l1xx_hal_flash.o"
arm-none-eabi-gcc "../Drivers/STM32L1xx_HAL_Driver/Src/stm32l1xx_hal_flash_ex.c" -mcpu=cortex-m3 -std=gnu11 -g3 -DDEBUG -DUSE_HAL_DRIVER -DSTM32L152xE -c -I../Core/Inc -I../Drivers/STM32L1xx_HAL_Driver/Inc -I../Drivers/STM32L1xx_HAL_Driver/Inc/Legacy -I../Drivers/CMSIS/Device/ST/STM32L1xx/Include -I../Drivers/CMSIS/Include -O0 -ffunction-sections -fdata-sections -Wall -fstack-usage -fcyclomatic-complexity -MMD -MP -MF"Drivers/STM32L1xx_HAL_Driver/Src/stm32l1xx_hal_flash_ex.d" -MT"Drivers/STM32L1xx_HAL_Driver/Src/stm32l1xx_hal_flash_ex.o" --specs=nano.specs -mfloat-abi=soft -mthumb -o "Drivers/STM32L1xx_HAL_Driver/Src/stm32l1xx_hal_flash_ex.o"
arm-none-eabi-gcc "../Drivers/STM32L1xx_HAL_Driver/Src/stm32l1xx_hal_flash_ramfunc.c" -mcpu=cortex-m3 -std=gnu11 -g3 -DDEBUG -DUSE_HAL_DRIVER -DSTM32L152xE -c -I../Core/Inc -I../Drivers/STM32L1xx_HAL_Driver/Inc -I../Drivers/STM32L1xx_HAL_Driver/Inc/Legacy -I../Drivers/CMSIS/Device/ST/STM32L1xx/Include -I../Drivers/CMSIS/Include -O0 -ffunction-sections -fdata-sections -Wall -fstack-usage -fcyclomatic-complexity -MMD -MP -MF"Drivers/STM32L1xx_HAL_Driver/Src/stm32l1xx_hal_flash_ramfunc.d" -MT"Drivers/STM32L1xx_HAL_Driver/Src/stm32l1xx_hal_flash_ramfunc.o" --specs=nano.specs -mfloat-abi=soft -mthumb -o "Drivers/STM32L1xx_HAL_Driver/Src/stm32l1xx_hal_flash_ramfunc.o"
arm-none-eabi-gcc "../Drivers/STM32L1xx_HAL_Driver/Src/stm32l1xx_hal_gpio.c" -mcpu=cortex-m3 -std=gnu11 -g3 -DDEBUG -DUSE_HAL_DRIVER -DSTM32L152xE -c -I../Core/Inc -I../Drivers/STM32L1xx_HAL_Driver/Inc -I../Drivers/STM32L1xx_HAL_Driver/Inc/Legacy -I../Drivers/CMSIS/Device/ST/STM32L1xx/Include -I../Drivers/CMSIS/Include -O0 -ffunction-sections -fdata-sections -Wall -fstack-usage -fcyclomatic-complexity -MMD -MP -MF"Drivers/STM32L1xx_HAL_Driver/Src/stm32l1xx_hal_gpio.d" -MT"Drivers/STM32L1xx_HAL_Driver/Src/stm32l1xx_hal_gpio.o" --specs=nano.specs -mfloat-abi=soft -mthumb -o "Drivers/STM32L1xx_HAL_Driver/Src/stm32l1xx_hal_gpio.o"
arm-none-eabi-gcc "../Drivers/STM32L1xx_HAL_Driver/Src/stm32l1xx_hal_pwr.c" -mcpu=cortex-m3 -std=gnu11 -g3 -DDEBUG -DUSE_HAL_DRIVER -DSTM32L152xE -c -I../Core/Inc -I../Drivers/STM32L1xx_HAL_Driver/Inc -I../Drivers/STM32L1xx_HAL_Driver/Inc/Legacy -I../Drivers/CMSIS/Device/ST/STM32L1xx/Include -I../Drivers/CMSIS/Include -O0 -ffunction-sections -fdata-sections -Wall -fstack-usage -fcyclomatic-complexity -MMD -MP -MF"Drivers/STM32L1xx_HAL_Driver/Src/stm32l1xx_hal_pwr.d" -MT"Drivers/STM32L1xx_HAL_Driver/Src/stm32l1xx_hal_pwr.o" --specs=nano.specs -mfloat-abi=soft -mthumb -o "Drivers/STM32L1xx_HAL_Driver/Src/stm32l1xx_hal_pwr.o"
arm-none-eabi-gcc "../Drivers/STM32L1xx_HAL_Driver/Src/stm32l1xx_hal_pwr_ex.c" -mcpu=cortex-m3 -std=gnu11 -g3 -DDEBUG -DUSE_HAL_DRIVER -DSTM32L152xE -c -I../Core/Inc -I../Drivers/STM32L1xx_HAL_Driver/Inc -I../Drivers/STM32L1xx_HAL_Driver/Inc/Legacy -I../Drivers/CMSIS/Device/ST/STM32L1xx/Include -I../Drivers/CMSIS/Include -O0 -ffunction-sections -fdata-sections -Wall -fstack-usage -fcyclomatic-complexity -MMD -MP -MF"Drivers/STM32L1xx_HAL_Driver/Src/stm32l1xx_hal_pwr_ex.d" -MT"Drivers/STM32L1xx_HAL_Driver/Src/stm32l1xx_hal_pwr_ex.o" --specs=nano.specs -mfloat-abi=soft -mthumb -o "Drivers/STM32L1xx_HAL_Driver/Src/stm32l1xx_hal_pwr_ex.o"
arm-none-eabi-gcc "../Drivers/STM32L1xx_HAL_Driver/Src/stm32l1xx_hal_rcc.c" -mcpu=cortex-m3 -std=gnu11 -g3 -DDEBUG -DUSE_HAL_DRIVER -DSTM32L152xE -c -I../Core/Inc -I../Drivers/STM32L1xx_HAL_Driver/Inc -I../Drivers/STM32L1xx_HAL_Driver/Inc/Legacy -I../Drivers/CMSIS/Device/ST/STM32L1xx/Include -I../Drivers/CMSIS/Include -O0 -ffunction-sections -fdata-sections -Wall -fstack-usage -fcyclomatic-complexity -MMD -MP -MF"Drivers/STM32L1xx_HAL_Driver/Src/stm32l1xx_hal_rcc.d" -MT"Drivers/STM32L1xx_HAL_Driver/Src/stm32l1xx_hal_rcc.o" --specs=nano.specs -mfloat-abi=soft -mthumb -o "Drivers/STM32L1xx_HAL_Driver/Src/stm32l1xx_hal_rcc.o"
arm-none-eabi-gcc "../Drivers/STM32L1xx_HAL_Driver/Src/stm32l1xx_hal_rcc_ex.c" -mcpu=cortex-m3 -std=gnu11 -g3 -DDEBUG -DUSE_HAL_DRIVER -DSTM32L152xE -c -I../Core/Inc -I../Drivers/STM32L1xx_HAL_Driver/Inc -I../Drivers/STM32L1xx_HAL_Driver/Inc/Legacy -I../Drivers/CMSIS/Device/ST/STM32L1xx/Include -I../Drivers/CMSIS/Include -O0 -ffunction-sections -fdata-sections -Wall -fstack-usage -fcyclomatic-complexity -MMD -MP -MF"Drivers/STM32L1xx_HAL_Driver/Src/stm32l1xx_hal_rcc_ex.d" -MT"Drivers/STM32L1xx_HAL_Driver/Src/stm32l1xx_hal_rcc_ex.o" --specs=nano.specs -mfloat-abi=soft -mthumb -o "Drivers/STM32L1xx_HAL_Driver/Src/stm32l1xx_hal_rcc_ex.o"
arm-none-eabi-gcc "../Drivers/STM32L1xx_HAL_Driver/Src/stm32l1xx_hal_uart.c" -mcpu=cortex-m3 -std=gnu11 -g3 -DDEBUG -DUSE_HAL_DRIVER -DSTM32L152xE -c -I../Core/Inc -I../Drivers/STM32L1xx_HAL_Driver/Inc -I../Drivers/STM32L1xx_HAL_Driver/Inc/Legacy -I../Drivers/CMSIS/Device/ST/STM32L1xx/Include -I../Drivers/CMSIS/Include -O0 -ffunction-sections -fdata-sections -Wall -fstack-usage -fcyclomatic-complexity -MMD -MP -MF"Drivers/STM32L1xx_HAL_Driver/Src/stm32l1xx_hal_uart.d" -MT"Drivers/STM32L1xx_HAL_Driver/Src/stm32l1xx_hal_uart.o" --specs=nano.specs -mfloat-abi=soft -mthumb -o "Drivers/STM32L1xx_HAL_Driver/Src/stm32l1xx_hal_uart.o"
arm-none-eabi-gcc -mcpu=cortex-m3 -g3 -DDEBUG -c -x assembler-with-cpp -MMD -MP -MF"Core/Startup/startup_stm32l152retx.d" -MT"Core/Startup/startup_stm32l152retx.o" --specs=nano.specs -mfloat-abi=soft -mthumb -o "Core/Startup/startup_stm32l152retx.o" "../Core/Startup/startup_stm32l152retx.s"
arm-none-eabi-g++ "../Core/Src/MuxedPots.cpp" -mcpu=cortex-m3 -std=gnu++14 -g3 -DDEBUG -DUSE_HAL_DRIVER -DSTM32L152xE -c -I../Core/Inc -I../Drivers/STM32L1xx_HAL_Driver/Inc -I../Drivers/STM32L1xx_HAL_Driver/Inc/Legacy -I../Drivers/CMSIS/Device/ST/STM32L1xx/Include -I../Drivers/CMSIS/Include -O0 -ffunction-sections -fdata-sections -fno-exceptions -fno-rtti -fno-use-cxa-atexit -Wall -fstack-usage -fcyclomatic-complexity -MMD -MP -MF"Core/Src/MuxedPots.d" -MT"Core/Src/MuxedPots.o" --specs=nano.specs -mfloat-abi=soft -mthumb -o "Core/Src/MuxedPots.o"
arm-none-eabi-g++ "../Core/Src/main.cpp" -mcpu=cortex-m3 -std=gnu++14 -g3 -DDEBUG -DUSE_HAL_DRIVER -DSTM32L152xE -c -I../Core/Inc -I../Drivers/STM32L1xx_HAL_Driver/Inc -I../Drivers/STM32L1xx_HAL_Driver/Inc/Legacy -I../Drivers/CMSIS/Device/ST/STM32L1xx/Include -I../Drivers/CMSIS/Include -O0 -ffunction-sections -fdata-sections -fno-exceptions -fno-rtti -fno-use-cxa-atexit -Wall -fstack-usage -fcyclomatic-complexity -MMD -MP -MF"Core/Src/main.d" -MT"Core/Src/main.o" --specs=nano.specs -mfloat-abi=soft -mthumb -o "Core/Src/main.o"
arm-none-eabi-gcc "../Core/Src/stm32l1xx_hal_msp.c" -mcpu=cortex-m3 -std=gnu11 -g3 -DDEBUG -DUSE_HAL_DRIVER -DSTM32L152xE -c -I../Core/Inc -I../Drivers/STM32L1xx_HAL_Driver/Inc -I../Drivers/STM32L1xx_HAL_Driver/Inc/Legacy -I../Drivers/CMSIS/Device/ST/STM32L1xx/Include -I../Drivers/CMSIS/Include -O0 -ffunction-sections -fdata-sections -Wall -fstack-usage -fcyclomatic-complexity -MMD -MP -MF"Core/Src/stm32l1xx_hal_msp.d" -MT"Core/Src/stm32l1xx_hal_msp.o" --specs=nano.specs -mfloat-abi=soft -mthumb -o "Core/Src/stm32l1xx_hal_msp.o"
arm-none-eabi-gcc "../Core/Src/stm32l1xx_it.c" -mcpu=cortex-m3 -std=gnu11 -g3 -DDEBUG -DUSE_HAL_DRIVER -DSTM32L152xE -c -I../Core/Inc -I../Drivers/STM32L1xx_HAL_Driver/Inc -I../Drivers/STM32L1xx_HAL_Driver/Inc/Legacy -I../Drivers/CMSIS/Device/ST/STM32L1xx/Include -I../Drivers/CMSIS/Include -O0 -ffunction-sections -fdata-sections -Wall -fstack-usage -fcyclomatic-complexity -MMD -MP -MF"Core/Src/stm32l1xx_it.d" -MT"Core/Src/stm32l1xx_it.o" --specs=nano.specs -mfloat-abi=soft -mthumb -o "Core/Src/stm32l1xx_it.o"
arm-none-eabi-gcc "../Core/Src/syscalls.c" -mcpu=cortex-m3 -std=gnu11 -g3 -DDEBUG -DUSE_HAL_DRIVER -DSTM32L152xE -c -I../Core/Inc -I../Drivers/STM32L1xx_HAL_Driver/Inc -I../Drivers/STM32L1xx_HAL_Driver/Inc/Legacy -I../Drivers/CMSIS/Device/ST/STM32L1xx/Include -I../Drivers/CMSIS/Include -O0 -ffunction-sections -fdata-sections -Wall -fstack-usage -fcyclomatic-complexity -MMD -MP -MF"Core/Src/syscalls.d" -MT"Core/Src/syscalls.o" --specs=nano.specs -mfloat-abi=soft -mthumb -o "Core/Src/syscalls.o"
arm-none-eabi-gcc "../Core/Src/sysmem.c" -mcpu=cortex-m3 -std=gnu11 -g3 -DDEBUG -DUSE_HAL_DRIVER -DSTM32L152xE -c -I../Core/Inc -I../Drivers/STM32L1xx_HAL_Driver/Inc -I../Drivers/STM32L1xx_HAL_Driver/Inc/Legacy -I../Drivers/CMSIS/Device/ST/STM32L1xx/Include -I../Drivers/CMSIS/Include -O0 -ffunction-sections -fdata-sections -Wall -fstack-usage -fcyclomatic-complexity -MMD -MP -MF"Core/Src/sysmem.d" -MT"Core/Src/sysmem.o" --specs=nano.specs -mfloat-abi=soft -mthumb -o "Core/Src/sysmem.o"
../Core/Src/MuxedPots.cpp:1:10: fatal error: MuxedPots.hpp: No such file or directory
    1 | #include "MuxedPots.hpp"
      |          ^~~~~~~~~~~~~~~
compilation terminated.
make: *** [Core/Src/subdir.mk:41: Core/Src/MuxedPots.o] Error 1
make: *** Waiting for unfinished jobs....
../Core/Src/main.cpp: In function 'int main()':
../Core/Src/main.cpp:109:29: error: 'potInd' was not declared in this scope
  109 |                           ((potInd & 0x01) ? GPIO_PIN_12 : 0) |
      |                             ^~~~~~
../Core/Src/main.cpp:100:19: warning: unused variable 'muxInd' [-Wunused-variable]
  100 |           uint8_t muxInd = 4;
      |                   ^~~~~~
make: *** [Core/Src/subdir.mk:41: Core/Src/main.o] Error 1
"make -j20 all" terminated with exit code 2. Build might be incomplete.
13:27:34 **** Incremental Build of configuration Debug for project MuxTest ****
make -j20 all 
arm-none-eabi-g++ "../Core/Src/MuxedPots.cpp" -mcpu=cortex-m3 -std=gnu++14 -g3 -DDEBUG -DUSE_HAL_DRIVER -DSTM32L152xE -c -I../Core/Inc -I../Drivers/STM32L1xx_HAL_Driver/Inc -I../Drivers/STM32L1xx_HAL_Driver/Inc/Legacy -I../Drivers/CMSIS/Device/ST/STM32L1xx/Include -I../Drivers/CMSIS/Include -O0 -ffunction-sections -fdata-sections -fno-exceptions -fno-rtti -fno-use-cxa-atexit -Wall -fstack-usage -fcyclomatic-complexity -MMD -MP -MF"Core/Src/MuxedPots.d" -MT"Core/Src/MuxedPots.o" --specs=nano.specs -mfloat-abi=soft -mthumb -o "Core/Src/MuxedPots.o"
arm-none-eabi-g++ "../Core/Src/main.cpp" -mcpu=cortex-m3 -std=gnu++14 -g3 -DDEBUG -DUSE_HAL_DRIVER -DSTM32L152xE -c -I../Core/Inc -I../Drivers/STM32L1xx_HAL_Driver/Inc -I../Drivers/STM32L1xx_HAL_Driver/Inc/Legacy -I../Drivers/CMSIS/Device/ST/STM32L1xx/Include -I../Drivers/CMSIS/Include -O0 -ffunction-sections -fdata-sections -fno-exceptions -fno-rtti -fno-use-cxa-atexit -Wall -fstack-usage -fcyclomatic-complexity -MMD -MP -MF"Core/Src/main.d" -MT"Core/Src/main.o" --specs=nano.specs -mfloat-abi=soft -mthumb -o "Core/Src/main.o"
arm-none-eabi-gcc "../Core/Src/system_stm32l1xx.c" -mcpu=cortex-m3 -std=gnu11 -g3 -DDEBUG -DUSE_HAL_DRIVER -DSTM32L152xE -c -I../Core/Inc -I../Drivers/STM32L1xx_HAL_Driver/Inc -I../Drivers/STM32L1xx_HAL_Driver/Inc/Legacy -I../Drivers/CMSIS/Device/ST/STM32L1xx/Include -I../Drivers/CMSIS/Include -O0 -ffunction-sections -fdata-sections -Wall -fstack-usage -fcyclomatic-complexity -MMD -MP -MF"Core/Src/system_stm32l1xx.d" -MT"Core/Src/system_stm32l1xx.o" --specs=nano.specs -mfloat-abi=soft -mthumb -o "Core/Src/system_stm32l1xx.o"
../Core/Src/MuxedPots.cpp:1:10: fatal error: MUXEDPOTS_HPP.hpp: No such file or directory
    1 | #include "MUXEDPOTS_HPP.hpp"
      |          ^~~~~~~~~~~~~~~~~~~
compilation terminated.
make: *** [Core/Src/subdir.mk:41: Core/Src/MuxedPots.o] Error 1
make: *** Waiting for unfinished jobs....
"make -j20 all" terminated with exit code 2. Build might be incomplete.
13:27:48 **** Incremental Build of configuration Debug for project MuxTest ****
make -j20 all 
arm-none-eabi-g++ "../Core/Src/MuxedPots.cpp" -mcpu=cortex-m3 -std=gnu++14 -g3 -DDEBUG -DUSE_HAL_DRIVER -DSTM32L152xE -c -I../Core/Inc -I../Drivers/STM32L1xx_HAL_Driver/Inc -I../Drivers/STM32L1xx_HAL_Driver/Inc/Legacy -I../Drivers/CMSIS/Device/ST/STM32L1xx/Include -I../Drivers/CMSIS/Include -O0 -ffunction-sections -fdata-sections -fno-exceptions -fno-rtti -fno-use-cxa-atexit -Wall -fstack-usage -fcyclomatic-complexity -MMD -MP -MF"Core/Src/MuxedPots.d" -MT"Core/Src/MuxedPots.o" --specs=nano.specs -mfloat-abi=soft -mthumb -o "Core/Src/MuxedPots.o"
../Core/Src/MuxedPots.cpp:1:10: fatal error: MUXEDPOTS_HPP.hpp: No such file or directory
    1 | #include "MUXEDPOTS_HPP.hpp"
      |          ^~~~~~~~~~~~~~~~~~~
compilation terminated.
make: *** [Core/Src/subdir.mk:41: Core/Src/MuxedPots.o] Error 1
"make -j20 all" terminated with exit code 2. Build might be incomplete.
13:28:24 **** Incremental Build of configuration Debug for project MuxTest ****
make -j20 all 
arm-none-eabi-g++ "../Core/Src/MuxedPots.cpp" -mcpu=cortex-m3 -std=gnu++14 -g3 -DDEBUG -DUSE_HAL_DRIVER -DSTM32L152xE -c -I../Core/Inc -I../Drivers/STM32L1xx_HAL_Driver/Inc -I../Drivers/STM32L1xx_HAL_Driver/Inc/Legacy -I../Drivers/CMSIS/Device/ST/STM32L1xx/Include -I../Drivers/CMSIS/Include -O0 -ffunction-sections -fdata-sections -fno-exceptions -fno-rtti -fno-use-cxa-atexit -Wall -fstack-usage -fcyclomatic-complexity -MMD -MP -MF"Core/Src/MuxedPots.d" -MT"Core/Src/MuxedPots.o" --specs=nano.specs -mfloat-abi=soft -mthumb -o "Core/Src/MuxedPots.o"
arm-none-eabi-g++ "../Core/Src/main.cpp" -mcpu=cortex-m3 -std=gnu++14 -g3 -DDEBUG -DUSE_HAL_DRIVER -DSTM32L152xE -c -I../Core/Inc -I../Drivers/STM32L1xx_HAL_Driver/Inc -I../Drivers/STM32L1xx_HAL_Driver/Inc/Legacy -I../Drivers/CMSIS/Device/ST/STM32L1xx/Include -I../Drivers/CMSIS/Include -O0 -ffunction-sections -fdata-sections -fno-exceptions -fno-rtti -fno-use-cxa-atexit -Wall -fstack-usage -fcyclomatic-complexity -MMD -MP -MF"Core/Src/main.d" -MT"Core/Src/main.o" --specs=nano.specs -mfloat-abi=soft -mthumb -o "Core/Src/main.o"
../Core/Src/MuxedPots.cpp:1:10: fatal error: MUXEDPOTS_HPP.hpp: No such file or directory
    1 | #include "MUXEDPOTS_HPP.hpp"
      |          ^~~~~~~~~~~~~~~~~~~
compilation terminated.
make: *** [Core/Src/subdir.mk:41: Core/Src/MuxedPots.o] Error 1
make: *** Waiting for unfinished jobs....
../Core/Src/main.cpp:21:10: fatal error: MUXEDPOTS_HPP.hpp: No such file or directory
   21 | #include "MUXEDPOTS_HPP.hpp"
      |          ^~~~~~~~~~~~~~~~~~~
compilation terminated.
make: *** [Core/Src/subdir.mk:41: Core/Src/main.o] Error 1
"make -j20 all" terminated with exit code 2. Build might be incomplete.
13:29:15 **** Incremental Build of configuration Debug for project MuxTest ****
make -j20 all 
arm-none-eabi-g++ "../Core/Src/MuxedPots.cpp" -mcpu=cortex-m3 -std=gnu++14 -g3 -DDEBUG -DUSE_HAL_DRIVER -DSTM32L152xE -c -I../Core/Inc -I../Drivers/STM32L1xx_HAL_Driver/Inc -I../Drivers/STM32L1xx_HAL_Driver/Inc/Legacy -I../Drivers/CMSIS/Device/ST/STM32L1xx/Include -I../Drivers/CMSIS/Include -O0 -ffunction-sections -fdata-sections -fno-exceptions -fno-rtti -fno-use-cxa-atexit -Wall -fstack-usage -fcyclomatic-complexity -MMD -MP -MF"Core/Src/MuxedPots.d" -MT"Core/Src/MuxedPots.o" --specs=nano.specs -mfloat-abi=soft -mthumb -o "Core/Src/MuxedPots.o"
arm-none-eabi-g++ "../Core/Src/main.cpp" -mcpu=cortex-m3 -std=gnu++14 -g3 -DDEBUG -DUSE_HAL_DRIVER -DSTM32L152xE -c -I../Core/Inc -I../Drivers/STM32L1xx_HAL_Driver/Inc -I../Drivers/STM32L1xx_HAL_Driver/Inc/Legacy -I../Drivers/CMSIS/Device/ST/STM32L1xx/Include -I../Drivers/CMSIS/Include -O0 -ffunction-sections -fdata-sections -fno-exceptions -fno-rtti -fno-use-cxa-atexit -Wall -fstack-usage -fcyclomatic-complexity -MMD -MP -MF"Core/Src/main.d" -MT"Core/Src/main.o" --specs=nano.specs -mfloat-abi=soft -mthumb -o "Core/Src/main.o"
arm-none-eabi-gcc "../Core/Src/stm32l1xx_hal_msp.c" -mcpu=cortex-m3 -std=gnu11 -g3 -DDEBUG -DUSE_HAL_DRIVER -DSTM32L152xE -c -I../Core/Inc -I../Drivers/STM32L1xx_HAL_Driver/Inc -I../Drivers/STM32L1xx_HAL_Driver/Inc/Legacy -I../Drivers/CMSIS/Device/ST/STM32L1xx/Include -I../Drivers/CMSIS/Include -O0 -ffunction-sections -fdata-sections -Wall -fstack-usage -fcyclomatic-complexity -MMD -MP -MF"Core/Src/stm32l1xx_hal_msp.d" -MT"Core/Src/stm32l1xx_hal_msp.o" --specs=nano.specs -mfloat-abi=soft -mthumb -o "Core/Src/stm32l1xx_hal_msp.o"
arm-none-eabi-gcc "../Core/Src/stm32l1xx_it.c" -mcpu=cortex-m3 -std=gnu11 -g3 -DDEBUG -DUSE_HAL_DRIVER -DSTM32L152xE -c -I../Core/Inc -I../Drivers/STM32L1xx_HAL_Driver/Inc -I../Drivers/STM32L1xx_HAL_Driver/Inc/Legacy -I../Drivers/CMSIS/Device/ST/STM32L1xx/Include -I../Drivers/CMSIS/Include -O0 -ffunction-sections -fdata-sections -Wall -fstack-usage -fcyclomatic-complexity -MMD -MP -MF"Core/Src/stm32l1xx_it.d" -MT"Core/Src/stm32l1xx_it.o" --specs=nano.specs -mfloat-abi=soft -mthumb -o "Core/Src/stm32l1xx_it.o"
../Core/Src/MuxedPots.cpp:1:10: fatal error: MUXEDPOTS_HPP.hpp: No such file or directory
    1 | #include "MUXEDPOTS_HPP.hpp"
      |          ^~~~~~~~~~~~~~~~~~~
compilation terminated.
make: *** [Core/Src/subdir.mk:41: Core/Src/MuxedPots.o] Error 1
make: *** Waiting for unfinished jobs....
In file included from ../Core/Src/main.cpp:20:
../Core/Inc/main.h:31:10: fatal error: MUXEDPOTS_HPP.hpp: No such file or directory
   31 | #include "MUXEDPOTS_HPP.hpp"
      |          ^~~~~~~~~~~~~~~~~~~
compilation terminated.
In file included from ../Core/Src/stm32l1xx_hal_msp.c:22:
../Core/Inc/main.h:31:10: fatal error: MUXEDPOTS_HPP.hpp: No such file or directory
   31 | #include "MUXEDPOTS_HPP.hpp"
      |          ^~~~~~~~~~~~~~~~~~~
compilation terminated.
In file included from ../Core/Src/stm32l1xx_it.c:21:
../Core/Inc/main.h:31:10: fatal error: MUXEDPOTS_HPP.hpp: No such file or directory
   31 | #include "MUXEDPOTS_HPP.hpp"
      |          ^~~~~~~~~~~~~~~~~~~
compilation terminated.
make: *** [Core/Src/subdir.mk:41: Core/Src/main.o] Error 1
make: *** [Core/Src/subdir.mk:43: Core/Src/stm32l1xx_hal_msp.o] Error 1
make: *** [Core/Src/subdir.mk:43: Core/Src/stm32l1xx_it.o] Error 1
"make -j20 all" terminated with exit code 2. Build might be incomplete.
13:29:59 **** Incremental Build of configuration Debug for project MuxTest ****
make -j20 all 
arm-none-eabi-g++ "../Core/Src/MuxedPots.cpp" -mcpu=cortex-m3 -std=gnu++14 -g3 -DDEBUG -DUSE_HAL_DRIVER -DSTM32L152xE -c -I../Core/Inc -I../Drivers/STM32L1xx_HAL_Driver/Inc -I../Drivers/STM32L1xx_HAL_Driver/Inc/Legacy -I../Drivers/CMSIS/Device/ST/STM32L1xx/Include -I../Drivers/CMSIS/Include -O0 -ffunction-sections -fdata-sections -fno-exceptions -fno-rtti -fno-use-cxa-atexit -Wall -fstack-usage -fcyclomatic-complexity -MMD -MP -MF"Core/Src/MuxedPots.d" -MT"Core/Src/MuxedPots.o" --specs=nano.specs -mfloat-abi=soft -mthumb -o "Core/Src/MuxedPots.o"
arm-none-eabi-g++ "../Core/Src/main.cpp" -mcpu=cortex-m3 -std=gnu++14 -g3 -DDEBUG -DUSE_HAL_DRIVER -DSTM32L152xE -c -I../Core/Inc -I../Drivers/STM32L1xx_HAL_Driver/Inc -I../Drivers/STM32L1xx_HAL_Driver/Inc/Legacy -I../Drivers/CMSIS/Device/ST/STM32L1xx/Include -I../Drivers/CMSIS/Include -O0 -ffunction-sections -fdata-sections -fno-exceptions -fno-rtti -fno-use-cxa-atexit -Wall -fstack-usage -fcyclomatic-complexity -MMD -MP -MF"Core/Src/main.d" -MT"Core/Src/main.o" --specs=nano.specs -mfloat-abi=soft -mthumb -o "Core/Src/main.o"
arm-none-eabi-gcc "../Core/Src/stm32l1xx_hal_msp.c" -mcpu=cortex-m3 -std=gnu11 -g3 -DDEBUG -DUSE_HAL_DRIVER -DSTM32L152xE -c -I../Core/Inc -I../Drivers/STM32L1xx_HAL_Driver/Inc -I../Drivers/STM32L1xx_HAL_Driver/Inc/Legacy -I../Drivers/CMSIS/Device/ST/STM32L1xx/Include -I../Drivers/CMSIS/Include -O0 -ffunction-sections -fdata-sections -Wall -fstack-usage -fcyclomatic-complexity -MMD -MP -MF"Core/Src/stm32l1xx_hal_msp.d" -MT"Core/Src/stm32l1xx_hal_msp.o" --specs=nano.specs -mfloat-abi=soft -mthumb -o "Core/Src/stm32l1xx_hal_msp.o"
arm-none-eabi-gcc "../Core/Src/stm32l1xx_it.c" -mcpu=cortex-m3 -std=gnu11 -g3 -DDEBUG -DUSE_HAL_DRIVER -DSTM32L152xE -c -I../Core/Inc -I../Drivers/STM32L1xx_HAL_Driver/Inc -I../Drivers/STM32L1xx_HAL_Driver/Inc/Legacy -I../Drivers/CMSIS/Device/ST/STM32L1xx/Include -I../Drivers/CMSIS/Include -O0 -ffunction-sections -fdata-sections -Wall -fstack-usage -fcyclomatic-complexity -MMD -MP -MF"Core/Src/stm32l1xx_it.d" -MT"Core/Src/stm32l1xx_it.o" --specs=nano.specs -mfloat-abi=soft -mthumb -o "Core/Src/stm32l1xx_it.o"
../Core/Src/MuxedPots.cpp:1:10: fatal error: MUXEDPOTS_HPP.hpp: No such file or directory
    1 | #include "MUXEDPOTS_HPP.hpp"
      |          ^~~~~~~~~~~~~~~~~~~
compilation terminated.
make: *** [Core/Src/subdir.mk:41: Core/Src/MuxedPots.o] Error 1
make: *** Waiting for unfinished jobs....
In file included from ../Core/Inc/main.h:31,
                 from ../Core/Src/stm32l1xx_hal_msp.c:22:
../Core/Inc/MUXEDPOTS_HPP:4:10: fatal error: cstdint: No such file or directory
    4 | #include <cstdint>
      |          ^~~~~~~~~
compilation terminated.
make: *** [Core/Src/subdir.mk:43: Core/Src/stm32l1xx_hal_msp.o] Error 1
In file included from ../Core/Inc/main.h:31,
                 from ../Core/Src/stm32l1xx_it.c:21:
../Core/Inc/MUXEDPOTS_HPP:4:10: fatal error: cstdint: No such file or directory
    4 | #include <cstdint>
      |          ^~~~~~~~~
compilation terminated.
make: *** [Core/Src/subdir.mk:43: Core/Src/stm32l1xx_it.o] Error 1
In file included from ../Core/Inc/main.h:31,
                 from ../Core/Src/main.cpp:20:
../Core/Inc/MUXEDPOTS_HPP:6:10: fatal error: stm32f1xx_hal.h: No such file or directory
    6 | #include "stm32f1xx_hal.h"
      |          ^~~~~~~~~~~~~~~~~
compilation terminated.
make: *** [Core/Src/subdir.mk:41: Core/Src/main.o] Error 1
"make -j20 all" terminated with exit code 2. Build might be incomplete.
13:30:31 **** Incremental Build of configuration Debug for project MuxTest ****
make -j20 all 
arm-none-eabi-g++ "../Core/Src/MuxedPots.cpp" -mcpu=cortex-m3 -std=gnu++14 -g3 -DDEBUG -DUSE_HAL_DRIVER -DSTM32L152xE -c -I../Core/Inc -I../Drivers/STM32L1xx_HAL_Driver/Inc -I../Drivers/STM32L1xx_HAL_Driver/Inc/Legacy -I../Drivers/CMSIS/Device/ST/STM32L1xx/Include -I../Drivers/CMSIS/Include -O0 -ffunction-sections -fdata-sections -fno-exceptions -fno-rtti -fno-use-cxa-atexit -Wall -fstack-usage -fcyclomatic-complexity -MMD -MP -MF"Core/Src/MuxedPots.d" -MT"Core/Src/MuxedPots.o" --specs=nano.specs -mfloat-abi=soft -mthumb -o "Core/Src/MuxedPots.o"
arm-none-eabi-g++ "../Core/Src/main.cpp" -mcpu=cortex-m3 -std=gnu++14 -g3 -DDEBUG -DUSE_HAL_DRIVER -DSTM32L152xE -c -I../Core/Inc -I../Drivers/STM32L1xx_HAL_Driver/Inc -I../Drivers/STM32L1xx_HAL_Driver/Inc/Legacy -I../Drivers/CMSIS/Device/ST/STM32L1xx/Include -I../Drivers/CMSIS/Include -O0 -ffunction-sections -fdata-sections -fno-exceptions -fno-rtti -fno-use-cxa-atexit -Wall -fstack-usage -fcyclomatic-complexity -MMD -MP -MF"Core/Src/main.d" -MT"Core/Src/main.o" --specs=nano.specs -mfloat-abi=soft -mthumb -o "Core/Src/main.o"
arm-none-eabi-gcc "../Core/Src/stm32l1xx_hal_msp.c" -mcpu=cortex-m3 -std=gnu11 -g3 -DDEBUG -DUSE_HAL_DRIVER -DSTM32L152xE -c -I../Core/Inc -I../Drivers/STM32L1xx_HAL_Driver/Inc -I../Drivers/STM32L1xx_HAL_Driver/Inc/Legacy -I../Drivers/CMSIS/Device/ST/STM32L1xx/Include -I../Drivers/CMSIS/Include -O0 -ffunction-sections -fdata-sections -Wall -fstack-usage -fcyclomatic-complexity -MMD -MP -MF"Core/Src/stm32l1xx_hal_msp.d" -MT"Core/Src/stm32l1xx_hal_msp.o" --specs=nano.specs -mfloat-abi=soft -mthumb -o "Core/Src/stm32l1xx_hal_msp.o"
arm-none-eabi-gcc "../Core/Src/stm32l1xx_it.c" -mcpu=cortex-m3 -std=gnu11 -g3 -DDEBUG -DUSE_HAL_DRIVER -DSTM32L152xE -c -I../Core/Inc -I../Drivers/STM32L1xx_HAL_Driver/Inc -I../Drivers/STM32L1xx_HAL_Driver/Inc/Legacy -I../Drivers/CMSIS/Device/ST/STM32L1xx/Include -I../Drivers/CMSIS/Include -O0 -ffunction-sections -fdata-sections -Wall -fstack-usage -fcyclomatic-complexity -MMD -MP -MF"Core/Src/stm32l1xx_it.d" -MT"Core/Src/stm32l1xx_it.o" --specs=nano.specs -mfloat-abi=soft -mthumb -o "Core/Src/stm32l1xx_it.o"
In file included from ../Core/Inc/main.h:31,
                 from ../Core/Src/stm32l1xx_hal_msp.c:22:
../Core/Inc/MUXEDPOTS_HPP:4:10: fatal error: cstdint: No such file or directory
    4 | #include <cstdint>
      |          ^~~~~~~~~
compilation terminated.
make: *** [Core/Src/subdir.mk:43: Core/Src/stm32l1xx_hal_msp.o] Error 1
make: *** Waiting for unfinished jobs....
In file included from ../Core/Inc/main.h:31,
                 from ../Core/Src/stm32l1xx_it.c:21:
../Core/Inc/MUXEDPOTS_HPP:4:10: fatal error: cstdint: No such file or directory
    4 | #include <cstdint>
      |          ^~~~~~~~~
compilation terminated.
make: *** [Core/Src/subdir.mk:43: Core/Src/stm32l1xx_it.o] Error 1
In file included from ../Core/Src/MuxedPots.cpp:1:
../Core/Inc/MUXEDPOTS_HPP:6:10: fatal error: stm32f1xx_hal.h: No such file or directory
    6 | #include "stm32f1xx_hal.h"
      |          ^~~~~~~~~~~~~~~~~
compilation terminated.
make: *** [Core/Src/subdir.mk:41: Core/Src/MuxedPots.o] Error 1
In file included from ../Core/Inc/main.h:31,
                 from ../Core/Src/main.cpp:20:
../Core/Inc/MUXEDPOTS_HPP:6:10: fatal error: stm32f1xx_hal.h: No such file or directory
    6 | #include "stm32f1xx_hal.h"
      |          ^~~~~~~~~~~~~~~~~
compilation terminated.
make: *** [Core/Src/subdir.mk:41: Core/Src/main.o] Error 1
"make -j20 all" terminated with exit code 2. Build might be incomplete.
13:31:03 **** Incremental Build of configuration Debug for project MuxTest ****
make -j20 all 
arm-none-eabi-g++ "../Core/Src/MuxedPots.cpp" -mcpu=cortex-m3 -std=gnu++14 -g3 -DDEBUG -DUSE_HAL_DRIVER -DSTM32L152xE -c -I../Core/Inc -I../Drivers/STM32L1xx_HAL_Driver/Inc -I../Drivers/STM32L1xx_HAL_Driver/Inc/Legacy -I../Drivers/CMSIS/Device/ST/STM32L1xx/Include -I../Drivers/CMSIS/Include -O0 -ffunction-sections -fdata-sections -fno-exceptions -fno-rtti -fno-use-cxa-atexit -Wall -fstack-usage -fcyclomatic-complexity -MMD -MP -MF"Core/Src/MuxedPots.d" -MT"Core/Src/MuxedPots.o" --specs=nano.specs -mfloat-abi=soft -mthumb -o "Core/Src/MuxedPots.o"
arm-none-eabi-g++ "../Core/Src/main.cpp" -mcpu=cortex-m3 -std=gnu++14 -g3 -DDEBUG -DUSE_HAL_DRIVER -DSTM32L152xE -c -I../Core/Inc -I../Drivers/STM32L1xx_HAL_Driver/Inc -I../Drivers/STM32L1xx_HAL_Driver/Inc/Legacy -I../Drivers/CMSIS/Device/ST/STM32L1xx/Include -I../Drivers/CMSIS/Include -O0 -ffunction-sections -fdata-sections -fno-exceptions -fno-rtti -fno-use-cxa-atexit -Wall -fstack-usage -fcyclomatic-complexity -MMD -MP -MF"Core/Src/main.d" -MT"Core/Src/main.o" --specs=nano.specs -mfloat-abi=soft -mthumb -o "Core/Src/main.o"
arm-none-eabi-gcc "../Core/Src/stm32l1xx_hal_msp.c" -mcpu=cortex-m3 -std=gnu11 -g3 -DDEBUG -DUSE_HAL_DRIVER -DSTM32L152xE -c -I../Core/Inc -I../Drivers/STM32L1xx_HAL_Driver/Inc -I../Drivers/STM32L1xx_HAL_Driver/Inc/Legacy -I../Drivers/CMSIS/Device/ST/STM32L1xx/Include -I../Drivers/CMSIS/Include -O0 -ffunction-sections -fdata-sections -Wall -fstack-usage -fcyclomatic-complexity -MMD -MP -MF"Core/Src/stm32l1xx_hal_msp.d" -MT"Core/Src/stm32l1xx_hal_msp.o" --specs=nano.specs -mfloat-abi=soft -mthumb -o "Core/Src/stm32l1xx_hal_msp.o"
arm-none-eabi-gcc "../Core/Src/stm32l1xx_it.c" -mcpu=cortex-m3 -std=gnu11 -g3 -DDEBUG -DUSE_HAL_DRIVER -DSTM32L152xE -c -I../Core/Inc -I../Drivers/STM32L1xx_HAL_Driver/Inc -I../Drivers/STM32L1xx_HAL_Driver/Inc/Legacy -I../Drivers/CMSIS/Device/ST/STM32L1xx/Include -I../Drivers/CMSIS/Include -O0 -ffunction-sections -fdata-sections -Wall -fstack-usage -fcyclomatic-complexity -MMD -MP -MF"Core/Src/stm32l1xx_it.d" -MT"Core/Src/stm32l1xx_it.o" --specs=nano.specs -mfloat-abi=soft -mthumb -o "Core/Src/stm32l1xx_it.o"
In file included from ../Core/Inc/main.h:31,
                 from ../Core/Src/stm32l1xx_hal_msp.c:22:
../Core/Inc/MUXEDPOTS_HPP:5:10: fatal error: iostream: No such file or directory
    5 | #include <iostream>
      |          ^~~~~~~~~~
compilation terminated.
In file included from ../Core/Inc/main.h:31,
                 from ../Core/Src/stm32l1xx_it.c:21:
../Core/Inc/MUXEDPOTS_HPP:5:10: fatal error: iostream: No such file or directory
    5 | #include <iostream>
      |          ^~~~~~~~~~
compilation terminated.
make: *** [Core/Src/subdir.mk:43: Core/Src/stm32l1xx_hal_msp.o] Error 1
make: *** Waiting for unfinished jobs....
make: *** [Core/Src/subdir.mk:43: Core/Src/stm32l1xx_it.o] Error 1
In file included from C:\ST\STM32CubeIDE_1.18.1\STM32CubeIDE\plugins\com.st.stm32cube.ide.mcu.externaltools.gnu-tools-for-stm32.13.3.rel1.win32_1.0.0.202411081344\tools\bin/../lib/gcc/arm-none-eabi/13.3.1/../../../../arm-none-eabi/include/c++/13.3.1/bits/stringfwd.h:40,
                 from C:\ST\STM32CubeIDE_1.18.1\STM32CubeIDE\plugins\com.st.stm32cube.ide.mcu.externaltools.gnu-tools-for-stm32.13.3.rel1.win32_1.0.0.202411081344\tools\bin/../lib/gcc/arm-none-eabi/13.3.1/../../../../arm-none-eabi/include/c++/13.3.1/iosfwd:41,
                 from C:\ST\STM32CubeIDE_1.18.1\STM32CubeIDE\plugins\com.st.stm32cube.ide.mcu.externaltools.gnu-tools-for-stm32.13.3.rel1.win32_1.0.0.202411081344\tools\bin/../lib/gcc/arm-none-eabi/13.3.1/../../../../arm-none-eabi/include/c++/13.3.1/ios:40,
                 from C:\ST\STM32CubeIDE_1.18.1\STM32CubeIDE\plugins\com.st.stm32cube.ide.mcu.externaltools.gnu-tools-for-stm32.13.3.rel1.win32_1.0.0.202411081344\tools\bin/../lib/gcc/arm-none-eabi/13.3.1/../../../../arm-none-eabi/include/c++/13.3.1/ostream:40,
                 from C:\ST\STM32CubeIDE_1.18.1\STM32CubeIDE\plugins\com.st.stm32cube.ide.mcu.externaltools.gnu-tools-for-stm32.13.3.rel1.win32_1.0.0.202411081344\tools\bin/../lib/gcc/arm-none-eabi/13.3.1/../../../../arm-none-eabi/include/c++/13.3.1/iostream:41,
                 from ../Core/Inc/MUXEDPOTS_HPP:5,
                 from ../Core/Inc/main.h:31,
                 from ../Core/Src/main.cpp:20:
C:\ST\STM32CubeIDE_1.18.1\STM32CubeIDE\plugins\com.st.stm32cube.ide.mcu.externaltools.gnu-tools-for-stm32.13.3.rel1.win32_1.0.0.202411081344\tools\bin/../lib/gcc/arm-none-eabi/13.3.1/../../../../arm-none-eabi/include/c++/13.3.1/bits/memoryfwd.h:64:3: error: template with C linkage
   64 |   template<typename>
      |   ^~~~~~~~
../Core/Inc/main.h:26:1: note: 'extern "C"' linkage started here
   26 | extern "C" {
      | ^~~~~~~~~~
C:\ST\STM32CubeIDE_1.18.1\STM32CubeIDE\plugins\com.st.stm32cube.ide.mcu.externaltools.gnu-tools-for-stm32.13.3.rel1.win32_1.0.0.202411081344\tools\bin/../lib/gcc/arm-none-eabi/13.3.1/../../../../arm-none-eabi/include/c++/13.3.1/bits/memoryfwd.h:67:3: error: template specialization with C linkage
   67 |   template<>
      |   ^~~~~~~~
../Core/Inc/main.h:26:1: note: 'extern "C"' linkage started here
   26 | extern "C" {
      | ^~~~~~~~~~
C:\ST\STM32CubeIDE_1.18.1\STM32CubeIDE\plugins\com.st.stm32cube.ide.mcu.externaltools.gnu-tools-for-stm32.13.3.rel1.win32_1.0.0.202411081344\tools\bin/../lib/gcc/arm-none-eabi/13.3.1/../../../../arm-none-eabi/include/c++/13.3.1/bits/memoryfwd.h:73:3: error: template with C linkage
   73 |   template<typename, typename>
      |   ^~~~~~~~
../Core/Inc/main.h:26:1: note: 'extern "C"' linkage started here
   26 | extern "C" {
      | ^~~~~~~~~~
C:\ST\STM32CubeIDE_1.18.1\STM32CubeIDE\plugins\com.st.stm32cube.ide.mcu.externaltools.gnu-tools-for-stm32.13.3.rel1.win32_1.0.0.202411081344\tools\bin/../lib/gcc/arm-none-eabi/13.3.1/../../../../arm-none-eabi/include/c++/13.3.1/bits/memoryfwd.h:76:3: error: template with C linkage
   76 |   template<typename>
      |   ^~~~~~~~
../Core/Inc/main.h:26:1: note: 'extern "C"' linkage started here
   26 | extern "C" {
      | ^~~~~~~~~~
C:\ST\STM32CubeIDE_1.18.1\STM32CubeIDE\plugins\com.st.stm32cube.ide.mcu.externaltools.gnu-tools-for-stm32.13.3.rel1.win32_1.0.0.202411081344\tools\bin/../lib/gcc/arm-none-eabi/13.3.1/../../../../arm-none-eabi/include/c++/13.3.1/bits/stringfwd.h:52:3: error: template with C linkage
   52 |   template<class _CharT>
      |   ^~~~~~~~
../Core/Inc/main.h:26:1: note: 'extern "C"' linkage started here
   26 | extern "C" {
      | ^~~~~~~~~~
C:\ST\STM32CubeIDE_1.18.1\STM32CubeIDE\plugins\com.st.stm32cube.ide.mcu.externaltools.gnu-tools-for-stm32.13.3.rel1.win32_1.0.0.202411081344\tools\bin/../lib/gcc/arm-none-eabi/13.3.1/../../../../arm-none-eabi/include/c++/13.3.1/bits/stringfwd.h:55:3: error: template specialization with C linkage
   55 |   template<> struct char_traits<char>;
      |   ^~~~~~~~
../Core/Inc/main.h:26:1: note: 'extern "C"' linkage started here
   26 | extern "C" {
      | ^~~~~~~~~~
C:\ST\STM32CubeIDE_1.18.1\STM32CubeIDE\plugins\com.st.stm32cube.ide.mcu.externaltools.gnu-tools-for-stm32.13.3.rel1.win32_1.0.0.202411081344\tools\bin/../lib/gcc/arm-none-eabi/13.3.1/../../../../arm-none-eabi/include/c++/13.3.1/bits/stringfwd.h:57:3: error: template specialization with C linkage
   57 |   template<> struct char_traits<wchar_t>;
      |   ^~~~~~~~
../Core/Inc/main.h:26:1: note: 'extern "C"' linkage started here
   26 | extern "C" {
      | ^~~~~~~~~~
C:\ST\STM32CubeIDE_1.18.1\STM32CubeIDE\plugins\com.st.stm32cube.ide.mcu.externaltools.gnu-tools-for-stm32.13.3.rel1.win32_1.0.0.202411081344\tools\bin/../lib/gcc/arm-none-eabi/13.3.1/../../../../arm-none-eabi/include/c++/13.3.1/bits/stringfwd.h:64:3: error: template specialization with C linkage
   64 |   template<> struct char_traits<char16_t>;
      |   ^~~~~~~~
../Core/Inc/main.h:26:1: note: 'extern "C"' linkage started here
   26 | extern "C" {
      | ^~~~~~~~~~
C:\ST\STM32CubeIDE_1.18.1\STM32CubeIDE\plugins\com.st.stm32cube.ide.mcu.externaltools.gnu-tools-for-stm32.13.3.rel1.win32_1.0.0.202411081344\tools\bin/../lib/gcc/arm-none-eabi/13.3.1/../../../../arm-none-eabi/include/c++/13.3.1/bits/stringfwd.h:65:3: error: template specialization with C linkage
   65 |   template<> struct char_traits<char32_t>;
      |   ^~~~~~~~
../Core/Inc/main.h:26:1: note: 'extern "C"' linkage started here
   26 | extern "C" {
      | ^~~~~~~~~~
C:\ST\STM32CubeIDE_1.18.1\STM32CubeIDE\plugins\com.st.stm32cube.ide.mcu.externaltools.gnu-tools-for-stm32.13.3.rel1.win32_1.0.0.202411081344\tools\bin/../lib/gcc/arm-none-eabi/13.3.1/../../../../arm-none-eabi/include/c++/13.3.1/bits/stringfwd.h:70:3: error: template with C linkage
   70 |   template<typename _CharT, typename _Traits = char_traits<_CharT>,
      |   ^~~~~~~~
../Core/Inc/main.h:26:1: note: 'extern "C"' linkage started here
   26 | extern "C" {
      | ^~~~~~~~~~
In file included from C:\ST\STM32CubeIDE_1.18.1\STM32CubeIDE\plugins\com.st.stm32cube.ide.mcu.externaltools.gnu-tools-for-stm32.13.3.rel1.win32_1.0.0.202411081344\tools\bin/../lib/gcc/arm-none-eabi/13.3.1/../../../../arm-none-eabi/include/c++/13.3.1/iosfwd:42:
C:\ST\STM32CubeIDE_1.18.1\STM32CubeIDE\plugins\com.st.stm32cube.ide.mcu.externaltools.gnu-tools-for-stm32.13.3.rel1.win32_1.0.0.202411081344\tools\bin/../lib/gcc/arm-none-eabi/13.3.1/../../../../arm-none-eabi/include/c++/13.3.1/bits/postypes.h:81:3: error: template with C linkage
   81 |   template<typename _StateT>
      |   ^~~~~~~~
../Core/Inc/main.h:26:1: note: 'extern "C"' linkage started here
   26 | extern "C" {
      | ^~~~~~~~~~
C:\ST\STM32CubeIDE_1.18.1\STM32CubeIDE\plugins\com.st.stm32cube.ide.mcu.externaltools.gnu-tools-for-stm32.13.3.rel1.win32_1.0.0.202411081344\tools\bin/../lib/gcc/arm-none-eabi/13.3.1/../../../../arm-none-eabi/include/c++/13.3.1/bits/postypes.h:190:3: error: template with C linkage
  190 |   template<typename _StateT>
      |   ^~~~~~~~
../Core/Inc/main.h:26:1: note: 'extern "C"' linkage started here
   26 | extern "C" {
      | ^~~~~~~~~~
C:\ST\STM32CubeIDE_1.18.1\STM32CubeIDE\plugins\com.st.stm32cube.ide.mcu.externaltools.gnu-tools-for-stm32.13.3.rel1.win32_1.0.0.202411081344\tools\bin/../lib/gcc/arm-none-eabi/13.3.1/../../../../arm-none-eabi/include/c++/13.3.1/bits/postypes.h:195:3: error: template with C linkage
  195 |   template<typename _StateT>
      |   ^~~~~~~~
../Core/Inc/main.h:26:1: note: 'extern "C"' linkage started here
   26 | extern "C" {
      | ^~~~~~~~~~
C:\ST\STM32CubeIDE_1.18.1\STM32CubeIDE\plugins\com.st.stm32cube.ide.mcu.externaltools.gnu-tools-for-stm32.13.3.rel1.win32_1.0.0.202411081344\tools\bin/../lib/gcc/arm-none-eabi/13.3.1/../../../../arm-none-eabi/include/c++/13.3.1/iosfwd:78:3: error: template with C linkage
   78 |   template<typename _CharT, typename _Traits = char_traits<_CharT> >
      |   ^~~~~~~~
../Core/Inc/main.h:26:1: note: 'extern "C"' linkage started here
   26 | extern "C" {
      | ^~~~~~~~~~
C:\ST\STM32CubeIDE_1.18.1\STM32CubeIDE\plugins\com.st.stm32cube.ide.mcu.externaltools.gnu-tools-for-stm32.13.3.rel1.win32_1.0.0.202411081344\tools\bin/../lib/gcc/arm-none-eabi/13.3.1/../../../../arm-none-eabi/include/c++/13.3.1/iosfwd:81:3: error: template with C linkage
   81 |   template<typename _CharT, typename _Traits = char_traits<_CharT> >
      |   ^~~~~~~~
../Core/Inc/main.h:26:1: note: 'extern "C"' linkage started here
   26 | extern "C" {
      | ^~~~~~~~~~
C:\ST\STM32CubeIDE_1.18.1\STM32CubeIDE\plugins\com.st.stm32cube.ide.mcu.externaltools.gnu-tools-for-stm32.13.3.rel1.win32_1.0.0.202411081344\tools\bin/../lib/gcc/arm-none-eabi/13.3.1/../../../../arm-none-eabi/include/c++/13.3.1/iosfwd:84:3: error: template with C linkage
   84 |   template<typename _CharT, typename _Traits = char_traits<_CharT> >
      |   ^~~~~~~~
../Core/Inc/main.h:26:1: note: 'extern "C"' linkage started here
   26 | extern "C" {
      | ^~~~~~~~~~
C:\ST\STM32CubeIDE_1.18.1\STM32CubeIDE\plugins\com.st.stm32cube.ide.mcu.externaltools.gnu-tools-for-stm32.13.3.rel1.win32_1.0.0.202411081344\tools\bin/../lib/gcc/arm-none-eabi/13.3.1/../../../../arm-none-eabi/include/c++/13.3.1/iosfwd:87:3: error: template with C linkage
   87 |   template<typename _CharT, typename _Traits = char_traits<_CharT> >
      |   ^~~~~~~~
../Core/Inc/main.h:26:1: note: 'extern "C"' linkage started here
   26 | extern "C" {
      | ^~~~~~~~~~
C:\ST\STM32CubeIDE_1.18.1\STM32CubeIDE\plugins\com.st.stm32cube.ide.mcu.externaltools.gnu-tools-for-stm32.13.3.rel1.win32_1.0.0.202411081344\tools\bin/../lib/gcc/arm-none-eabi/13.3.1/../../../../arm-none-eabi/include/c++/13.3.1/iosfwd:90:3: error: template with C linkage
   90 |   template<typename _CharT, typename _Traits = char_traits<_CharT> >
      |   ^~~~~~~~
../Core/Inc/main.h:26:1: note: 'extern "C"' linkage started here
   26 | extern "C" {
      | ^~~~~~~~~~
C:\ST\STM32CubeIDE_1.18.1\STM32CubeIDE\plugins\com.st.stm32cube.ide.mcu.externaltools.gnu-tools-for-stm32.13.3.rel1.win32_1.0.0.202411081344\tools\bin/../lib/gcc/arm-none-eabi/13.3.1/../../../../arm-none-eabi/include/c++/13.3.1/iosfwd:96:3: error: template with C linkage
   96 |   template<typename _CharT, typename _Traits = char_traits<_CharT>,
      |   ^~~~~~~~
../Core/Inc/main.h:26:1: note: 'extern "C"' linkage started here
   26 | extern "C" {
      | ^~~~~~~~~~
C:\ST\STM32CubeIDE_1.18.1\STM32CubeIDE\plugins\com.st.stm32cube.ide.mcu.externaltools.gnu-tools-for-stm32.13.3.rel1.win32_1.0.0.202411081344\tools\bin/../lib/gcc/arm-none-eabi/13.3.1/../../../../arm-none-eabi/include/c++/13.3.1/iosfwd:100:3: error: template with C linkage
  100 |   template<typename _CharT, typename _Traits = char_traits<_CharT>,
      |   ^~~~~~~~
../Core/Inc/main.h:26:1: note: 'extern "C"' linkage started here
   26 | extern "C" {
      | ^~~~~~~~~~
C:\ST\STM32CubeIDE_1.18.1\STM32CubeIDE\plugins\com.st.stm32cube.ide.mcu.externaltools.gnu-tools-for-stm32.13.3.rel1.win32_1.0.0.202411081344\tools\bin/../lib/gcc/arm-none-eabi/13.3.1/../../../../arm-none-eabi/include/c++/13.3.1/iosfwd:104:3: error: template with C linkage
  104 |   template<typename _CharT, typename _Traits = char_traits<_CharT>,
      |   ^~~~~~~~
../Core/Inc/main.h:26:1: note: 'extern "C"' linkage started here
   26 | extern "C" {
      | ^~~~~~~~~~
C:\ST\STM32CubeIDE_1.18.1\STM32CubeIDE\plugins\com.st.stm32cube.ide.mcu.externaltools.gnu-tools-for-stm32.13.3.rel1.win32_1.0.0.202411081344\tools\bin/../lib/gcc/arm-none-eabi/13.3.1/../../../../arm-none-eabi/include/c++/13.3.1/iosfwd:108:3: error: template with C linkage
  108 |   template<typename _CharT, typename _Traits = char_traits<_CharT>,
      |   ^~~~~~~~
../Core/Inc/main.h:26:1: note: 'extern "C"' linkage started here
   26 | extern "C" {
      | ^~~~~~~~~~
C:\ST\STM32CubeIDE_1.18.1\STM32CubeIDE\plugins\com.st.stm32cube.ide.mcu.externaltools.gnu-tools-for-stm32.13.3.rel1.win32_1.0.0.202411081344\tools\bin/../lib/gcc/arm-none-eabi/13.3.1/../../../../arm-none-eabi/include/c++/13.3.1/iosfwd:114:3: error: template with C linkage
  114 |   template<typename _CharT, typename _Traits = char_traits<_CharT> >
      |   ^~~~~~~~
../Core/Inc/main.h:26:1: note: 'extern "C"' linkage started here
   26 | extern "C" {
      | ^~~~~~~~~~
C:\ST\STM32CubeIDE_1.18.1\STM32CubeIDE\plugins\com.st.stm32cube.ide.mcu.externaltools.gnu-tools-for-stm32.13.3.rel1.win32_1.0.0.202411081344\tools\bin/../lib/gcc/arm-none-eabi/13.3.1/../../../../arm-none-eabi/include/c++/13.3.1/iosfwd:117:3: error: template with C linkage
  117 |   template<typename _CharT, typename _Traits = char_traits<_CharT> >
      |   ^~~~~~~~
../Core/Inc/main.h:26:1: note: 'extern "C"' linkage started here
   26 | extern "C" {
      | ^~~~~~~~~~
C:\ST\STM32CubeIDE_1.18.1\STM32CubeIDE\plugins\com.st.stm32cube.ide.mcu.externaltools.gnu-tools-for-stm32.13.3.rel1.win32_1.0.0.202411081344\tools\bin/../lib/gcc/arm-none-eabi/13.3.1/../../../../arm-none-eabi/include/c++/13.3.1/iosfwd:120:3: error: template with C linkage
  120 |   template<typename _CharT, typename _Traits = char_traits<_CharT> >
      |   ^~~~~~~~
../Core/Inc/main.h:26:1: note: 'extern "C"' linkage started here
   26 | extern "C" {
      | ^~~~~~~~~~
C:\ST\STM32CubeIDE_1.18.1\STM32CubeIDE\plugins\com.st.stm32cube.ide.mcu.externaltools.gnu-tools-for-stm32.13.3.rel1.win32_1.0.0.202411081344\tools\bin/../lib/gcc/arm-none-eabi/13.3.1/../../../../arm-none-eabi/include/c++/13.3.1/iosfwd:123:3: error: template with C linkage
  123 |   template<typename _CharT, typename _Traits = char_traits<_CharT> >
      |   ^~~~~~~~
../Core/Inc/main.h:26:1: note: 'extern "C"' linkage started here
   26 | extern "C" {
      | ^~~~~~~~~~
C:\ST\STM32CubeIDE_1.18.1\STM32CubeIDE\plugins\com.st.stm32cube.ide.mcu.externaltools.gnu-tools-for-stm32.13.3.rel1.win32_1.0.0.202411081344\tools\bin/../lib/gcc/arm-none-eabi/13.3.1/../../../../arm-none-eabi/include/c++/13.3.1/iosfwd:126:3: error: template with C linkage
  126 |   template<typename _CharT, typename _Traits = char_traits<_CharT> >
      |   ^~~~~~~~
../Core/Inc/main.h:26:1: note: 'extern "C"' linkage started here
   26 | extern "C" {
      | ^~~~~~~~~~
C:\ST\STM32CubeIDE_1.18.1\STM32CubeIDE\plugins\com.st.stm32cube.ide.mcu.externaltools.gnu-tools-for-stm32.13.3.rel1.win32_1.0.0.202411081344\tools\bin/../lib/gcc/arm-none-eabi/13.3.1/../../../../arm-none-eabi/include/c++/13.3.1/iosfwd:129:3: error: template with C linkage
  129 |   template<typename _CharT, typename _Traits = char_traits<_CharT> >
      |   ^~~~~~~~
../Core/Inc/main.h:26:1: note: 'extern "C"' linkage started here
   26 | extern "C" {
      | ^~~~~~~~~~
In file included from C:\ST\STM32CubeIDE_1.18.1\STM32CubeIDE\plugins\com.st.stm32cube.ide.mcu.externaltools.gnu-tools-for-stm32.13.3.rel1.win32_1.0.0.202411081344\tools\bin/../lib/gcc/arm-none-eabi/13.3.1/../../../../arm-none-eabi/include/c++/13.3.1/bits/move.h:37,
                 from C:\ST\STM32CubeIDE_1.18.1\STM32CubeIDE\plugins\com.st.stm32cube.ide.mcu.externaltools.gnu-tools-for-stm32.13.3.rel1.win32_1.0.0.202411081344\tools\arm-none-eabi\include\c++\13.3.1\bits\exception_ptr.h:41,
                 from C:\ST\STM32CubeIDE_1.18.1\STM32CubeIDE\plugins\com.st.stm32cube.ide.mcu.externaltools.gnu-tools-for-stm32.13.3.rel1.win32_1.0.0.202411081344\tools\bin/../lib/gcc/arm-none-eabi/13.3.1/../../../../arm-none-eabi/include/c++/13.3.1/exception:164,
                 from C:\ST\STM32CubeIDE_1.18.1\STM32CubeIDE\plugins\com.st.stm32cube.ide.mcu.externaltools.gnu-tools-for-stm32.13.3.rel1.win32_1.0.0.202411081344\tools\bin/../lib/gcc/arm-none-eabi/13.3.1/../../../../arm-none-eabi/include/c++/13.3.1/ios:41:
C:\ST\STM32CubeIDE_1.18.1\STM32CubeIDE\plugins\com.st.stm32cube.ide.mcu.externaltools.gnu-tools-for-stm32.13.3.rel1.win32_1.0.0.202411081344\tools\bin/../lib/gcc/arm-none-eabi/13.3.1/../../../../arm-none-eabi/include/c++/13.3.1/type_traits:44:3: error: template with C linkage
   44 |   template<typename _Tp>
      |   ^~~~~~~~
../Core/Inc/main.h:26:1: note: 'extern "C"' linkage started here
   26 | extern "C" {
      | ^~~~~~~~~~
C:\ST\STM32CubeIDE_1.18.1\STM32CubeIDE\plugins\com.st.stm32cube.ide.mcu.externaltools.gnu-tools-for-stm32.13.3.rel1.win32_1.0.0.202411081344\tools\bin/../lib/gcc/arm-none-eabi/13.3.1/../../../../arm-none-eabi/include/c++/13.3.1/type_traits:61:3: error: template with C linkage
   61 |   template<typename _Tp, _Tp __v>
      |   ^~~~~~~~
../Core/Inc/main.h:26:1: note: 'extern "C"' linkage started here
   26 | extern "C" {
      | ^~~~~~~~~~
C:\ST\STM32CubeIDE_1.18.1\STM32CubeIDE\plugins\com.st.stm32cube.ide.mcu.externaltools.gnu-tools-for-stm32.13.3.rel1.win32_1.0.0.202411081344\tools\bin/../lib/gcc/arm-none-eabi/13.3.1/../../../../arm-none-eabi/include/c++/13.3.1/type_traits:77:3: error: template with C linkage
   77 |   template<typename _Tp, _Tp __v>
      |   ^~~~~~~~
../Core/Inc/main.h:26:1: note: 'extern "C"' linkage started here
   26 | extern "C" {
      | ^~~~~~~~~~
C:\ST\STM32CubeIDE_1.18.1\STM32CubeIDE\plugins\com.st.stm32cube.ide.mcu.externaltools.gnu-tools-for-stm32.13.3.rel1.win32_1.0.0.202411081344\tools\bin/../lib/gcc/arm-none-eabi/13.3.1/../../../../arm-none-eabi/include/c++/13.3.1/type_traits:89:3: error: template with C linkage
   89 |   template<bool __v>
      |   ^~~~~~~~
../Core/Inc/main.h:26:1: note: 'extern "C"' linkage started here
   26 | extern "C" {
      | ^~~~~~~~~~
C:\ST\STM32CubeIDE_1.18.1\STM32CubeIDE\plugins\com.st.stm32cube.ide.mcu.externaltools.gnu-tools-for-stm32.13.3.rel1.win32_1.0.0.202411081344\tools\bin/../lib/gcc/arm-none-eabi/13.3.1/../../../../arm-none-eabi/include/c++/13.3.1/type_traits:105:3: error: template with C linkage
  105 |   template<bool, typename _Tp = void>
      |   ^~~~~~~~
../Core/Inc/main.h:26:1: note: 'extern "C"' linkage started here
   26 | extern "C" {
      | ^~~~~~~~~~
C:\ST\STM32CubeIDE_1.18.1\STM32CubeIDE\plugins\com.st.stm32cube.ide.mcu.externaltools.gnu-tools-for-stm32.13.3.rel1.win32_1.0.0.202411081344\tools\bin/../lib/gcc/arm-none-eabi/13.3.1/../../../../arm-none-eabi/include/c++/13.3.1/type_traits:110:3: error: template with C linkage
  110 |   template<typename _Tp>
      |   ^~~~~~~~
../Core/Inc/main.h:26:1: note: 'extern "C"' linkage started here
   26 | extern "C" {
      | ^~~~~~~~~~
C:\ST\STM32CubeIDE_1.18.1\STM32CubeIDE\plugins\com.st.stm32cube.ide.mcu.externaltools.gnu-tools-for-stm32.13.3.rel1.win32_1.0.0.202411081344\tools\bin/../lib/gcc/arm-none-eabi/13.3.1/../../../../arm-none-eabi/include/c++/13.3.1/type_traits:115:3: error: template with C linkage
  115 |   template<bool _Cond, typename _Tp = void>
      |   ^~~~~~~~
../Core/Inc/main.h:26:1: note: 'extern "C"' linkage started here
   26 | extern "C" {
      | ^~~~~~~~~~
C:\ST\STM32CubeIDE_1.18.1\STM32CubeIDE\plugins\com.st.stm32cube.ide.mcu.externaltools.gnu-tools-for-stm32.13.3.rel1.win32_1.0.0.202411081344\tools\bin/../lib/gcc/arm-none-eabi/13.3.1/../../../../arm-none-eabi/include/c++/13.3.1/type_traits:118:3: error: template with C linkage
  118 |   template<bool>
      |   ^~~~~~~~
../Core/Inc/main.h:26:1: note: 'extern "C"' linkage started here
   26 | extern "C" {
      | ^~~~~~~~~~
C:\ST\STM32CubeIDE_1.18.1\STM32CubeIDE\plugins\com.st.stm32cube.ide.mcu.externaltools.gnu-tools-for-stm32.13.3.rel1.win32_1.0.0.202411081344\tools\bin/../lib/gcc/arm-none-eabi/13.3.1/../../../../arm-none-eabi/include/c++/13.3.1/type_traits:125:3: error: template specialization with C linkage
  125 |   template<>
      |   ^~~~~~~~
../Core/Inc/main.h:26:1: note: 'extern "C"' linkage started here
   26 | extern "C" {
      | ^~~~~~~~~~
C:\ST\STM32CubeIDE_1.18.1\STM32CubeIDE\plugins\com.st.stm32cube.ide.mcu.externaltools.gnu-tools-for-stm32.13.3.rel1.win32_1.0.0.202411081344\tools\bin/../lib/gcc/arm-none-eabi/13.3.1/../../../../arm-none-eabi/include/c++/13.3.1/type_traits:133:3: error: template with C linkage
  133 |   template<bool _Cond, typename _If, typename _Else>
      |   ^~~~~~~~
../Core/Inc/main.h:26:1: note: 'extern "C"' linkage started here
   26 | extern "C" {
      | ^~~~~~~~~~
C:\ST\STM32CubeIDE_1.18.1\STM32CubeIDE\plugins\com.st.stm32cube.ide.mcu.externaltools.gnu-tools-for-stm32.13.3.rel1.win32_1.0.0.202411081344\tools\bin/../lib/gcc/arm-none-eabi/13.3.1/../../../../arm-none-eabi/include/c++/13.3.1/type_traits:138:3: error: template with C linkage
  138 |   template <typename _Type>
      |   ^~~~~~~~
../Core/Inc/main.h:26:1: note: 'extern "C"' linkage started here
   26 | extern "C" {
      | ^~~~~~~~~~
C:\ST\STM32CubeIDE_1.18.1\STM32CubeIDE\plugins\com.st.stm32cube.ide.mcu.externaltools.gnu-tools-for-stm32.13.3.rel1.win32_1.0.0.202411081344\tools\bin/../lib/gcc/arm-none-eabi/13.3.1/../../../../arm-none-eabi/include/c++/13.3.1/type_traits:142:3: error: template with C linkage
  142 |   template<typename _Tp>
      |   ^~~~~~~~
../Core/Inc/main.h:26:1: note: 'extern "C"' linkage started here
   26 | extern "C" {
      | ^~~~~~~~~~
C:\ST\STM32CubeIDE_1.18.1\STM32CubeIDE\plugins\com.st.stm32cube.ide.mcu.externaltools.gnu-tools-for-stm32.13.3.rel1.win32_1.0.0.202411081344\tools\bin/../lib/gcc/arm-none-eabi/13.3.1/../../../../arm-none-eabi/include/c++/13.3.1/type_traits:148:5: error: template with C linkage
  148 |     template<typename _Tp, typename...>
      |     ^~~~~~~~
../Core/Inc/main.h:26:1: note: 'extern "C"' linkage started here
   26 | extern "C" {
      | ^~~~~~~~~~
C:\ST\STM32CubeIDE_1.18.1\STM32CubeIDE\plugins\com.st.stm32cube.ide.mcu.externaltools.gnu-tools-for-stm32.13.3.rel1.win32_1.0.0.202411081344\tools\bin/../lib/gcc/arm-none-eabi/13.3.1/../../../../arm-none-eabi/include/c++/13.3.1/type_traits:152:5: error: template with C linkage
  152 |     template<typename... _Bn>
      |     ^~~~~~~~
../Core/Inc/main.h:26:1: note: 'extern "C"' linkage started here
   26 | extern "C" {
      | ^~~~~~~~~~
C:\ST\STM32CubeIDE_1.18.1\STM32CubeIDE\plugins\com.st.stm32cube.ide.mcu.externaltools.gnu-tools-for-stm32.13.3.rel1.win32_1.0.0.202411081344\tools\bin/../lib/gcc/arm-none-eabi/13.3.1/../../../../arm-none-eabi/include/c++/13.3.1/type_traits:156:5: error: template with C linkage
  156 |     template<typename... _Bn>
      |     ^~~~~~~~
../Core/Inc/main.h:26:1: note: 'extern "C"' linkage started here
   26 | extern "C" {
      | ^~~~~~~~~~
C:\ST\STM32CubeIDE_1.18.1\STM32CubeIDE\plugins\com.st.stm32cube.ide.mcu.externaltools.gnu-tools-for-stm32.13.3.rel1.win32_1.0.0.202411081344\tools\bin/../lib/gcc/arm-none-eabi/13.3.1/../../../../arm-none-eabi/include/c++/13.3.1/type_traits:159:5: error: template with C linkage
  159 |     template<typename... _Bn>
      |     ^~~~~~~~
../Core/Inc/main.h:26:1: note: 'extern "C"' linkage started here
   26 | extern "C" {
      | ^~~~~~~~~~
C:\ST\STM32CubeIDE_1.18.1\STM32CubeIDE\plugins\com.st.stm32cube.ide.mcu.externaltools.gnu-tools-for-stm32.13.3.rel1.win32_1.0.0.202411081344\tools\bin/../lib/gcc/arm-none-eabi/13.3.1/../../../../arm-none-eabi/include/c++/13.3.1/type_traits:163:5: error: template with C linkage
  163 |     template<typename... _Bn>
      |     ^~~~~~~~
../Core/Inc/main.h:26:1: note: 'extern "C"' linkage started here
   26 | extern "C" {
      | ^~~~~~~~~~
C:\ST\STM32CubeIDE_1.18.1\STM32CubeIDE\plugins\com.st.stm32cube.ide.mcu.externaltools.gnu-tools-for-stm32.13.3.rel1.win32_1.0.0.202411081344\tools\bin/../lib/gcc/arm-none-eabi/13.3.1/../../../../arm-none-eabi/include/c++/13.3.1/type_traits:170:3: error: template with C linkage
  170 |   template<typename... _Bn>
      |   ^~~~~~~~
../Core/Inc/main.h:26:1: note: 'extern "C"' linkage started here
   26 | extern "C" {
      | ^~~~~~~~~~
C:\ST\STM32CubeIDE_1.18.1\STM32CubeIDE\plugins\com.st.stm32cube.ide.mcu.externaltools.gnu-tools-for-stm32.13.3.rel1.win32_1.0.0.202411081344\tools\bin/../lib/gcc/arm-none-eabi/13.3.1/../../../../arm-none-eabi/include/c++/13.3.1/type_traits:175:3: error: template with C linkage
  175 |   template<typename... _Bn>
      |   ^~~~~~~~
../Core/Inc/main.h:26:1: note: 'extern "C"' linkage started here
   26 | extern "C" {
      | ^~~~~~~~~~
C:\ST\STM32CubeIDE_1.18.1\STM32CubeIDE\plugins\com.st.stm32cube.ide.mcu.externaltools.gnu-tools-for-stm32.13.3.rel1.win32_1.0.0.202411081344\tools\bin/../lib/gcc/arm-none-eabi/13.3.1/../../../../arm-none-eabi/include/c++/13.3.1/type_traits:180:3: error: template with C linkage
  180 |   template<typename _Pp>
      |   ^~~~~~~~
../Core/Inc/main.h:26:1: note: 'extern "C"' linkage started here
   26 | extern "C" {
      | ^~~~~~~~~~
C:\ST\STM32CubeIDE_1.18.1\STM32CubeIDE\plugins\com.st.stm32cube.ide.mcu.externaltools.gnu-tools-for-stm32.13.3.rel1.win32_1.0.0.202411081344\tools\bin/../lib/gcc/arm-none-eabi/13.3.1/../../../../arm-none-eabi/include/c++/13.3.1/type_traits:257:3: error: template with C linkage
  257 |   template<typename>
      |   ^~~~~~~~
../Core/Inc/main.h:26:1: note: 'extern "C"' linkage started here
   26 | extern "C" {
      | ^~~~~~~~~~
C:\ST\STM32CubeIDE_1.18.1\STM32CubeIDE\plugins\com.st.stm32cube.ide.mcu.externaltools.gnu-tools-for-stm32.13.3.rel1.win32_1.0.0.202411081344\tools\bin/../lib/gcc/arm-none-eabi/13.3.1/../../../../arm-none-eabi/include/c++/13.3.1/type_traits:259:3: error: template with C linkage
  259 |   template<typename>
      |   ^~~~~~~~
../Core/Inc/main.h:26:1: note: 'extern "C"' linkage started here
   26 | extern "C" {
      | ^~~~~~~~~~
C:\ST\STM32CubeIDE_1.18.1\STM32CubeIDE\plugins\com.st.stm32cube.ide.mcu.externaltools.gnu-tools-for-stm32.13.3.rel1.win32_1.0.0.202411081344\tools\bin/../lib/gcc/arm-none-eabi/13.3.1/../../../../arm-none-eabi/include/c++/13.3.1/type_traits:261:3: error: template with C linkage
  261 |   template<typename>
      |   ^~~~~~~~
../Core/Inc/main.h:26:1: note: 'extern "C"' linkage started here
   26 | extern "C" {
      | ^~~~~~~~~~
C:\ST\STM32CubeIDE_1.18.1\STM32CubeIDE\plugins\com.st.stm32cube.ide.mcu.externaltools.gnu-tools-for-stm32.13.3.rel1.win32_1.0.0.202411081344\tools\bin/../lib/gcc/arm-none-eabi/13.3.1/../../../../arm-none-eabi/include/c++/13.3.1/type_traits:263:3: error: template with C linkage
  263 |   template<typename>
      |   ^~~~~~~~
../Core/Inc/main.h:26:1: note: 'extern "C"' linkage started here
   26 | extern "C" {
      | ^~~~~~~~~~
C:\ST\STM32CubeIDE_1.18.1\STM32CubeIDE\plugins\com.st.stm32cube.ide.mcu.externaltools.gnu-tools-for-stm32.13.3.rel1.win32_1.0.0.202411081344\tools\bin/../lib/gcc/arm-none-eabi/13.3.1/../../../../arm-none-eabi/include/c++/13.3.1/type_traits:265:3: error: template with C linkage
  265 |   template<typename>
      |   ^~~~~~~~
../Core/Inc/main.h:26:1: note: 'extern "C"' linkage started here
   26 | extern "C" {
      | ^~~~~~~~~~
C:\ST\STM32CubeIDE_1.18.1\STM32CubeIDE\plugins\com.st.stm32cube.ide.mcu.externaltools.gnu-tools-for-stm32.13.3.rel1.win32_1.0.0.202411081344\tools\bin/../lib/gcc/arm-none-eabi/13.3.1/../../../../arm-none-eabi/include/c++/13.3.1/type_traits:269:3: error: template with C linkage
  269 |   template<typename>
      |   ^~~~~~~~
../Core/Inc/main.h:26:1: note: 'extern "C"' linkage started here
   26 | extern "C" {
      | ^~~~~~~~~~
C:\ST\STM32CubeIDE_1.18.1\STM32CubeIDE\plugins\com.st.stm32cube.ide.mcu.externaltools.gnu-tools-for-stm32.13.3.rel1.win32_1.0.0.202411081344\tools\bin/../lib/gcc/arm-none-eabi/13.3.1/../../../../arm-none-eabi/include/c++/13.3.1/type_traits:275:3: error: template with C linkage
  275 |   template <typename _Tp, size_t = sizeof(_Tp)>
      |   ^~~~~~~~
../Core/Inc/main.h:26:1: note: 'extern "C"' linkage started here
   26 | extern "C" {
      | ^~~~~~~~~~
C:\ST\STM32CubeIDE_1.18.1\STM32CubeIDE\plugins\com.st.stm32cube.ide.mcu.externaltools.gnu-tools-for-stm32.13.3.rel1.win32_1.0.0.202411081344\tools\bin/../lib/gcc/arm-none-eabi/13.3.1/../../../../arm-none-eabi/include/c++/13.3.1/type_traits:279:3: error: template with C linkage
  279 |   template <typename _TypeIdentity,
      |   ^~~~~~~~
../Core/Inc/main.h:26:1: note: 'extern "C"' linkage started here
   26 | extern "C" {
      | ^~~~~~~~~~
C:\ST\STM32CubeIDE_1.18.1\STM32CubeIDE\plugins\com.st.stm32cube.ide.mcu.externaltools.gnu-tools-for-stm32.13.3.rel1.win32_1.0.0.202411081344\tools\bin/../lib/gcc/arm-none-eabi/13.3.1/../../../../arm-none-eabi/include/c++/13.3.1/type_traits:290:3: error: template with C linkage
  290 |   template<typename _Tp>
      |   ^~~~~~~~
../Core/Inc/main.h:26:1: note: 'extern "C"' linkage started here
   26 | extern "C" {
      | ^~~~~~~~~~
C:\ST\STM32CubeIDE_1.18.1\STM32CubeIDE\plugins\com.st.stm32cube.ide.mcu.externaltools.gnu-tools-for-stm32.13.3.rel1.win32_1.0.0.202411081344\tools\bin/../lib/gcc/arm-none-eabi/13.3.1/../../../../arm-none-eabi/include/c++/13.3.1/type_traits:297:3: error: template with C linkage
  297 |   template<typename _Tp>
      |   ^~~~~~~~
../Core/Inc/main.h:26:1: note: 'extern "C"' linkage started here
   26 | extern "C" {
      | ^~~~~~~~~~
C:\ST\STM32CubeIDE_1.18.1\STM32CubeIDE\plugins\com.st.stm32cube.ide.mcu.externaltools.gnu-tools-for-stm32.13.3.rel1.win32_1.0.0.202411081344\tools\bin/../lib/gcc/arm-none-eabi/13.3.1/../../../../arm-none-eabi/include/c++/13.3.1/type_traits:301:3: error: template specialization with C linkage
  301 |   template<>
      |   ^~~~~~~~
../Core/Inc/main.h:26:1: note: 'extern "C"' linkage started here
   26 | extern "C" {
      | ^~~~~~~~~~
C:\ST\STM32CubeIDE_1.18.1\STM32CubeIDE\plugins\com.st.stm32cube.ide.mcu.externaltools.gnu-tools-for-stm32.13.3.rel1.win32_1.0.0.202411081344\tools\bin/../lib/gcc/arm-none-eabi/13.3.1/../../../../arm-none-eabi/include/c++/13.3.1/type_traits:305:3: error: template specialization with C linkage
  305 |   template<>
      |   ^~~~~~~~
../Core/Inc/main.h:26:1: note: 'extern "C"' linkage started here
   26 | extern "C" {
      | ^~~~~~~~~~
C:\ST\STM32CubeIDE_1.18.1\STM32CubeIDE\plugins\com.st.stm32cube.ide.mcu.externaltools.gnu-tools-for-stm32.13.3.rel1.win32_1.0.0.202411081344\tools\bin/../lib/gcc/arm-none-eabi/13.3.1/../../../../arm-none-eabi/include/c++/13.3.1/type_traits:309:3: error: template specialization with C linkage
  309 |   template<>
      |   ^~~~~~~~
../Core/Inc/main.h:26:1: note: 'extern "C"' linkage started here
   26 | extern "C" {
      | ^~~~~~~~~~
C:\ST\STM32CubeIDE_1.18.1\STM32CubeIDE\plugins\com.st.stm32cube.ide.mcu.externaltools.gnu-tools-for-stm32.13.3.rel1.win32_1.0.0.202411081344\tools\bin/../lib/gcc/arm-none-eabi/13.3.1/../../../../arm-none-eabi/include/c++/13.3.1/type_traits:313:3: error: template specialization with C linkage
  313 |   template<>
      |   ^~~~~~~~
../Core/Inc/main.h:26:1: note: 'extern "C"' linkage started here
   26 | extern "C" {
      | ^~~~~~~~~~
C:\ST\STM32CubeIDE_1.18.1\STM32CubeIDE\plugins\com.st.stm32cube.ide.mcu.externaltools.gnu-tools-for-stm32.13.3.rel1.win32_1.0.0.202411081344\tools\bin/../lib/gcc/arm-none-eabi/13.3.1/../../../../arm-none-eabi/include/c++/13.3.1/type_traits:318:3: error: template with C linkage
  318 |   template<typename>
      |   ^~~~~~~~
../Core/Inc/main.h:26:1: note: 'extern "C"' linkage started here
   26 | extern "C" {
      | ^~~~~~~~~~
C:\ST\STM32CubeIDE_1.18.1\STM32CubeIDE\plugins\com.st.stm32cube.ide.mcu.externaltools.gnu-tools-for-stm32.13.3.rel1.win32_1.0.0.202411081344\tools\bin/../lib/gcc/arm-none-eabi/13.3.1/../../../../arm-none-eabi/include/c++/13.3.1/type_traits:322:3: error: template specialization with C linkage
  322 |   template<>
      |   ^~~~~~~~
../Core/Inc/main.h:26:1: note: 'extern "C"' linkage started here
   26 | extern "C" {
      | ^~~~~~~~~~
C:\ST\STM32CubeIDE_1.18.1\STM32CubeIDE\plugins\com.st.stm32cube.ide.mcu.externaltools.gnu-tools-for-stm32.13.3.rel1.win32_1.0.0.202411081344\tools\bin/../lib/gcc/arm-none-eabi/13.3.1/../../../../arm-none-eabi/include/c++/13.3.1/type_traits:326:3: error: template specialization with C linkage
  326 |   template<>
      |   ^~~~~~~~
../Core/Inc/main.h:26:1: note: 'extern "C"' linkage started here
   26 | extern "C" {
      | ^~~~~~~~~~
C:\ST\STM32CubeIDE_1.18.1\STM32CubeIDE\plugins\com.st.stm32cube.ide.mcu.externaltools.gnu-tools-for-stm32.13.3.rel1.win32_1.0.0.202411081344\tools\bin/../lib/gcc/arm-none-eabi/13.3.1/../../../../arm-none-eabi/include/c++/13.3.1/type_traits:330:3: error: template specialization with C linkage
  330 |   template<>
      |   ^~~~~~~~
../Core/Inc/main.h:26:1: note: 'extern "C"' linkage started here
   26 | extern "C" {
      | ^~~~~~~~~~
C:\ST\STM32CubeIDE_1.18.1\STM32CubeIDE\plugins\com.st.stm32cube.ide.mcu.externaltools.gnu-tools-for-stm32.13.3.rel1.win32_1.0.0.202411081344\tools\bin/../lib/gcc/arm-none-eabi/13.3.1/../../../../arm-none-eabi/include/c++/13.3.1/type_traits:334:3: error: template specialization with C linkage
  334 |   template<>
      |   ^~~~~~~~
../Core/Inc/main.h:26:1: note: 'extern "C"' linkage started here
   26 | extern "C" {
      | ^~~~~~~~~~
C:\ST\STM32CubeIDE_1.18.1\STM32CubeIDE\plugins\com.st.stm32cube.ide.mcu.externaltools.gnu-tools-for-stm32.13.3.rel1.win32_1.0.0.202411081344\tools\bin/../lib/gcc/arm-none-eabi/13.3.1/../../../../arm-none-eabi/include/c++/13.3.1/type_traits:341:3: error: template specialization with C linkage
  341 |   template<>
      |   ^~~~~~~~
../Core/Inc/main.h:26:1: note: 'extern "C"' linkage started here
   26 | extern "C" {
      | ^~~~~~~~~~
C:\ST\STM32CubeIDE_1.18.1\STM32CubeIDE\plugins\com.st.stm32cube.ide.mcu.externaltools.gnu-tools-for-stm32.13.3.rel1.win32_1.0.0.202411081344\tools\bin/../lib/gcc/arm-none-eabi/13.3.1/../../../../arm-none-eabi/include/c++/13.3.1/type_traits:351:3: error: template specialization with C linkage
  351 |   template<>
      |   ^~~~~~~~
../Core/Inc/main.h:26:1: note: 'extern "C"' linkage started here
   26 | extern "C" {
      | ^~~~~~~~~~
[...]
 
Finished building: MuxTest.list
 
14:59:59 **** Incremental Build of configuration Debug for project MuxTest ****
make -j20 all 
arm-none-eabi-g++ "../Core/Src/main.cpp" -mcpu=cortex-m3 -std=gnu++14 -g3 -DDEBUG -DUSE_HAL_DRIVER -DSTM32L152xE -c -I../Core/Inc -I../Drivers/STM32L1xx_HAL_Driver/Inc -I../Drivers/STM32L1xx_HAL_Driver/Inc/Legacy -I../Drivers/CMSIS/Device/ST/STM32L1xx/Include -I../Drivers/CMSIS/Include -O0 -ffunction-sections -fdata-sections -fno-exceptions -fno-rtti -fno-use-cxa-atexit -Wall -fstack-usage -fcyclomatic-complexity -MMD -MP -MF"Core/Src/main.d" -MT"Core/Src/main.o" --specs=nano.specs -mfloat-abi=soft -mthumb -o "Core/Src/main.o"
../Core/Src/main.cpp: In function 'int main()':
../Core/Src/main.cpp:113:27: error: expression cannot be used as a function
  112 |               GPIOB->BSRR = 8
      |                             ~
  113 |                           ((potInd & 0x01) ? GPIO_PIN_12 : 0) |
      |                           ^~~~~~~~~~~~~~~~~~~~~~~~~~~~~~~~~~~
make: *** [Core/Src/subdir.mk:43: Core/Src/main.o] Error 1
"make -j20 all" terminated with exit code 2. Build might be incomplete.
15:00:21 **** Incremental Build of configuration Debug for project MuxTest ****
make -j20 all 
arm-none-eabi-g++ "../Core/Src/main.cpp" -mcpu=cortex-m3 -std=gnu++14 -g3 -DDEBUG -DUSE_HAL_DRIVER -DSTM32L152xE -c -I../Core/Inc -I../Drivers/STM32L1xx_HAL_Driver/Inc -I../Drivers/STM32L1xx_HAL_Driver/Inc/Legacy -I../Drivers/CMSIS/Device/ST/STM32L1xx/Include -I../Drivers/CMSIS/Include -O0 -ffunction-sections -fdata-sections -fno-exceptions -fno-rtti -fno-use-cxa-atexit -Wall -fstack-usage -fcyclomatic-complexity -MMD -MP -MF"Core/Src/main.d" -MT"Core/Src/main.o" --specs=nano.specs -mfloat-abi=soft -mthumb -o "Core/Src/main.o"
arm-none-eabi-g++ -o "MuxTest.elf" @"objects.list"   -mcpu=cortex-m3 -T"C:\Users\jackm\STM32CubeIDE\workspace_1.18.1\MuxTest\STM32L152RETX_FLASH.ld" -Wl,-Map="MuxTest.map" -Wl,--gc-sections -static --specs=nano.specs -mfloat-abi=soft -mthumb -Wl,--start-group -lc -lm -lstdc++ -lsupc++ -Wl,--end-group
Finished building target: MuxTest.elf
 
arm-none-eabi-size  MuxTest.elf 
arm-none-eabi-objdump -h -S MuxTest.elf  > "MuxTest.list"
   text	   data	    bss	    dec	    hex	filename
 176908	    712	   7712	 185332	  2d3f4	MuxTest.elf
Finished building: default.size.stdout
 
Finished building: MuxTest.list
 
15:03:09 **** Incremental Build of configuration Debug for project MuxTest ****
make -j20 all 
arm-none-eabi-g++ "../Core/Src/main.cpp" -mcpu=cortex-m3 -std=gnu++14 -g3 -DDEBUG -DUSE_HAL_DRIVER -DSTM32L152xE -c -I../Core/Inc -I../Drivers/STM32L1xx_HAL_Driver/Inc -I../Drivers/STM32L1xx_HAL_Driver/Inc/Legacy -I../Drivers/CMSIS/Device/ST/STM32L1xx/Include -I../Drivers/CMSIS/Include -O0 -ffunction-sections -fdata-sections -fno-exceptions -fno-rtti -fno-use-cxa-atexit -Wall -fstack-usage -fcyclomatic-complexity -MMD -MP -MF"Core/Src/main.d" -MT"Core/Src/main.o" --specs=nano.specs -mfloat-abi=soft -mthumb -o "Core/Src/main.o"
arm-none-eabi-g++ -o "MuxTest.elf" @"objects.list"   -mcpu=cortex-m3 -T"C:\Users\jackm\STM32CubeIDE\workspace_1.18.1\MuxTest\STM32L152RETX_FLASH.ld" -Wl,-Map="MuxTest.map" -Wl,--gc-sections -static --specs=nano.specs -mfloat-abi=soft -mthumb -Wl,--start-group -lc -lm -lstdc++ -lsupc++ -Wl,--end-group
Finished building target: MuxTest.elf
 
arm-none-eabi-size  MuxTest.elf 
arm-none-eabi-objdump -h -S MuxTest.elf  > "MuxTest.list"
   text	   data	    bss	    dec	    hex	filename
 176916	    712	   7712	 185340	  2d3fc	MuxTest.elf
Finished building: default.size.stdout
 
Finished building: MuxTest.list
 
15:03:37 **** Incremental Build of configuration Debug for project MuxTest ****
make -j20 all 
arm-none-eabi-g++ "../Core/Src/main.cpp" -mcpu=cortex-m3 -std=gnu++14 -g3 -DDEBUG -DUSE_HAL_DRIVER -DSTM32L152xE -c -I../Core/Inc -I../Drivers/STM32L1xx_HAL_Driver/Inc -I../Drivers/STM32L1xx_HAL_Driver/Inc/Legacy -I../Drivers/CMSIS/Device/ST/STM32L1xx/Include -I../Drivers/CMSIS/Include -O0 -ffunction-sections -fdata-sections -fno-exceptions -fno-rtti -fno-use-cxa-atexit -Wall -fstack-usage -fcyclomatic-complexity -MMD -MP -MF"Core/Src/main.d" -MT"Core/Src/main.o" --specs=nano.specs -mfloat-abi=soft -mthumb -o "Core/Src/main.o"
arm-none-eabi-g++ -o "MuxTest.elf" @"objects.list"   -mcpu=cortex-m3 -T"C:\Users\jackm\STM32CubeIDE\workspace_1.18.1\MuxTest\STM32L152RETX_FLASH.ld" -Wl,-Map="MuxTest.map" -Wl,--gc-sections -static --specs=nano.specs -mfloat-abi=soft -mthumb -Wl,--start-group -lc -lm -lstdc++ -lsupc++ -Wl,--end-group
Finished building target: MuxTest.elf
 
arm-none-eabi-size  MuxTest.elf 
arm-none-eabi-objdump -h -S MuxTest.elf  > "MuxTest.list"
   text	   data	    bss	    dec	    hex	filename
 176996	    712	   7712	 185420	  2d44c	MuxTest.elf
Finished building: default.size.stdout
 
Finished building: MuxTest.list
 
15:05:01 **** Incremental Build of configuration Debug for project MuxTest ****
make -j20 all 
arm-none-eabi-g++ "../Core/Src/main.cpp" -mcpu=cortex-m3 -std=gnu++14 -g3 -DDEBUG -DUSE_HAL_DRIVER -DSTM32L152xE -c -I../Core/Inc -I../Drivers/STM32L1xx_HAL_Driver/Inc -I../Drivers/STM32L1xx_HAL_Driver/Inc/Legacy -I../Drivers/CMSIS/Device/ST/STM32L1xx/Include -I../Drivers/CMSIS/Include -O0 -ffunction-sections -fdata-sections -fno-exceptions -fno-rtti -fno-use-cxa-atexit -Wall -fstack-usage -fcyclomatic-complexity -MMD -MP -MF"Core/Src/main.d" -MT"Core/Src/main.o" --specs=nano.specs -mfloat-abi=soft -mthumb -o "Core/Src/main.o"
arm-none-eabi-g++ -o "MuxTest.elf" @"objects.list"   -mcpu=cortex-m3 -T"C:\Users\jackm\STM32CubeIDE\workspace_1.18.1\MuxTest\STM32L152RETX_FLASH.ld" -Wl,-Map="MuxTest.map" -Wl,--gc-sections -static --specs=nano.specs -mfloat-abi=soft -mthumb -Wl,--start-group -lc -lm -lstdc++ -lsupc++ -Wl,--end-group
Finished building target: MuxTest.elf
 
arm-none-eabi-size  MuxTest.elf 
arm-none-eabi-objdump -h -S MuxTest.elf  > "MuxTest.list"
   text	   data	    bss	    dec	    hex	filename
 176996	    712	   7712	 185420	  2d44c	MuxTest.elf
Finished building: default.size.stdout
 
Finished building: MuxTest.list
 
15:10:37 **** Incremental Build of configuration Debug for project MuxTest ****
make -j20 all 
arm-none-eabi-g++ "../Core/Src/main.cpp" -mcpu=cortex-m3 -std=gnu++14 -g3 -DDEBUG -DUSE_HAL_DRIVER -DSTM32L152xE -c -I../Core/Inc -I../Drivers/STM32L1xx_HAL_Driver/Inc -I../Drivers/STM32L1xx_HAL_Driver/Inc/Legacy -I../Drivers/CMSIS/Device/ST/STM32L1xx/Include -I../Drivers/CMSIS/Include -O0 -ffunction-sections -fdata-sections -fno-exceptions -fno-rtti -fno-use-cxa-atexit -Wall -fstack-usage -fcyclomatic-complexity -MMD -MP -MF"Core/Src/main.d" -MT"Core/Src/main.o" --specs=nano.specs -mfloat-abi=soft -mthumb -o "Core/Src/main.o"
arm-none-eabi-g++ -o "MuxTest.elf" @"objects.list"   -mcpu=cortex-m3 -T"C:\Users\jackm\STM32CubeIDE\workspace_1.18.1\MuxTest\STM32L152RETX_FLASH.ld" -Wl,-Map="MuxTest.map" -Wl,--gc-sections -static --specs=nano.specs -mfloat-abi=soft -mthumb -Wl,--start-group -lc -lm -lstdc++ -lsupc++ -Wl,--end-group
Finished building target: MuxTest.elf
 
arm-none-eabi-size  MuxTest.elf 
arm-none-eabi-objdump -h -S MuxTest.elf  > "MuxTest.list"
   text	   data	    bss	    dec	    hex	filename
 177028	    712	   7712	 185452	  2d46c	MuxTest.elf
Finished building: default.size.stdout
 
Finished building: MuxTest.list
 
15:12:51 **** Incremental Build of configuration Debug for project MuxTest ****
make -j20 all 
arm-none-eabi-g++ "../Core/Src/main.cpp" -mcpu=cortex-m3 -std=gnu++14 -g3 -DDEBUG -DUSE_HAL_DRIVER -DSTM32L152xE -c -I../Core/Inc -I../Drivers/STM32L1xx_HAL_Driver/Inc -I../Drivers/STM32L1xx_HAL_Driver/Inc/Legacy -I../Drivers/CMSIS/Device/ST/STM32L1xx/Include -I../Drivers/CMSIS/Include -O0 -ffunction-sections -fdata-sections -fno-exceptions -fno-rtti -fno-use-cxa-atexit -Wall -fstack-usage -fcyclomatic-complexity -MMD -MP -MF"Core/Src/main.d" -MT"Core/Src/main.o" --specs=nano.specs -mfloat-abi=soft -mthumb -o "Core/Src/main.o"
arm-none-eabi-g++ -o "MuxTest.elf" @"objects.list"   -mcpu=cortex-m3 -T"C:\Users\jackm\STM32CubeIDE\workspace_1.18.1\MuxTest\STM32L152RETX_FLASH.ld" -Wl,-Map="MuxTest.map" -Wl,--gc-sections -static --specs=nano.specs -mfloat-abi=soft -mthumb -Wl,--start-group -lc -lm -lstdc++ -lsupc++ -Wl,--end-group
Finished building target: MuxTest.elf
 
arm-none-eabi-size  MuxTest.elf 
arm-none-eabi-objdump -h -S MuxTest.elf  > "MuxTest.list"
   text	   data	    bss	    dec	    hex	filename
 177028	    712	   7712	 185452	  2d46c	MuxTest.elf
Finished building: default.size.stdout
 
Finished building: MuxTest.list
 
15:19:54 **** Incremental Build of configuration Debug for project MuxTest ****
make -j20 all 
arm-none-eabi-g++ "../Core/Src/main.cpp" -mcpu=cortex-m3 -std=gnu++14 -g3 -DDEBUG -DUSE_HAL_DRIVER -DSTM32L152xE -c -I../Core/Inc -I../Drivers/STM32L1xx_HAL_Driver/Inc -I../Drivers/STM32L1xx_HAL_Driver/Inc/Legacy -I../Drivers/CMSIS/Device/ST/STM32L1xx/Include -I../Drivers/CMSIS/Include -O0 -ffunction-sections -fdata-sections -fno-exceptions -fno-rtti -fno-use-cxa-atexit -Wall -fstack-usage -fcyclomatic-complexity -MMD -MP -MF"Core/Src/main.d" -MT"Core/Src/main.o" --specs=nano.specs -mfloat-abi=soft -mthumb -o "Core/Src/main.o"
arm-none-eabi-g++ -o "MuxTest.elf" @"objects.list"   -mcpu=cortex-m3 -T"C:\Users\jackm\STM32CubeIDE\workspace_1.18.1\MuxTest\STM32L152RETX_FLASH.ld" -Wl,-Map="MuxTest.map" -Wl,--gc-sections -static --specs=nano.specs -mfloat-abi=soft -mthumb -Wl,--start-group -lc -lm -lstdc++ -lsupc++ -Wl,--end-group
Finished building target: MuxTest.elf
 
arm-none-eabi-size  MuxTest.elf 
arm-none-eabi-objdump -h -S MuxTest.elf  > "MuxTest.list"
   text	   data	    bss	    dec	    hex	filename
 177028	    712	   7712	 185452	  2d46c	MuxTest.elf
Finished building: default.size.stdout
 
Finished building: MuxTest.list
 
15:22:24 **** Incremental Build of configuration Debug for project MuxTest ****
make -j20 all 
arm-none-eabi-g++ "../Core/Src/main.cpp" -mcpu=cortex-m3 -std=gnu++14 -g3 -DDEBUG -DUSE_HAL_DRIVER -DSTM32L152xE -c -I../Core/Inc -I../Drivers/STM32L1xx_HAL_Driver/Inc -I../Drivers/STM32L1xx_HAL_Driver/Inc/Legacy -I../Drivers/CMSIS/Device/ST/STM32L1xx/Include -I../Drivers/CMSIS/Include -O0 -ffunction-sections -fdata-sections -fno-exceptions -fno-rtti -fno-use-cxa-atexit -Wall -fstack-usage -fcyclomatic-complexity -MMD -MP -MF"Core/Src/main.d" -MT"Core/Src/main.o" --specs=nano.specs -mfloat-abi=soft -mthumb -o "Core/Src/main.o"
arm-none-eabi-g++ -o "MuxTest.elf" @"objects.list"   -mcpu=cortex-m3 -T"C:\Users\jackm\STM32CubeIDE\workspace_1.18.1\MuxTest\STM32L152RETX_FLASH.ld" -Wl,-Map="MuxTest.map" -Wl,--gc-sections -static --specs=nano.specs -mfloat-abi=soft -mthumb -Wl,--start-group -lc -lm -lstdc++ -lsupc++ -Wl,--end-group
Finished building target: MuxTest.elf
 
arm-none-eabi-size  MuxTest.elf 
arm-none-eabi-objdump -h -S MuxTest.elf  > "MuxTest.list"
   text	   data	    bss	    dec	    hex	filename
 176980	    712	   7712	 185404	  2d43c	MuxTest.elf
Finished building: default.size.stdout
 
Finished building: MuxTest.list
 
15:22:48 **** Incremental Build of configuration Debug for project MuxTest ****
make -j20 all 
arm-none-eabi-g++ "../Core/Src/main.cpp" -mcpu=cortex-m3 -std=gnu++14 -g3 -DDEBUG -DUSE_HAL_DRIVER -DSTM32L152xE -c -I../Core/Inc -I../Drivers/STM32L1xx_HAL_Driver/Inc -I../Drivers/STM32L1xx_HAL_Driver/Inc/Legacy -I../Drivers/CMSIS/Device/ST/STM32L1xx/Include -I../Drivers/CMSIS/Include -O0 -ffunction-sections -fdata-sections -fno-exceptions -fno-rtti -fno-use-cxa-atexit -Wall -fstack-usage -fcyclomatic-complexity -MMD -MP -MF"Core/Src/main.d" -MT"Core/Src/main.o" --specs=nano.specs -mfloat-abi=soft -mthumb -o "Core/Src/main.o"
arm-none-eabi-g++ -o "MuxTest.elf" @"objects.list"   -mcpu=cortex-m3 -T"C:\Users\jackm\STM32CubeIDE\workspace_1.18.1\MuxTest\STM32L152RETX_FLASH.ld" -Wl,-Map="MuxTest.map" -Wl,--gc-sections -static --specs=nano.specs -mfloat-abi=soft -mthumb -Wl,--start-group -lc -lm -lstdc++ -lsupc++ -Wl,--end-group
Finished building target: MuxTest.elf
 
arm-none-eabi-size  MuxTest.elf 
arm-none-eabi-objdump -h -S MuxTest.elf  > "MuxTest.list"
   text	   data	    bss	    dec	    hex	filename
 176988	    712	   7712	 185412	  2d444	MuxTest.elf
Finished building: default.size.stdout
 
Finished building: MuxTest.list
 
15:23:39 **** Incremental Build of configuration Debug for project MuxTest ****
make -j20 all 
arm-none-eabi-g++ "../Core/Src/main.cpp" -mcpu=cortex-m3 -std=gnu++14 -g3 -DDEBUG -DUSE_HAL_DRIVER -DSTM32L152xE -c -I../Core/Inc -I../Drivers/STM32L1xx_HAL_Driver/Inc -I../Drivers/STM32L1xx_HAL_Driver/Inc/Legacy -I../Drivers/CMSIS/Device/ST/STM32L1xx/Include -I../Drivers/CMSIS/Include -O0 -ffunction-sections -fdata-sections -fno-exceptions -fno-rtti -fno-use-cxa-atexit -Wall -fstack-usage -fcyclomatic-complexity -MMD -MP -MF"Core/Src/main.d" -MT"Core/Src/main.o" --specs=nano.specs -mfloat-abi=soft -mthumb -o "Core/Src/main.o"
arm-none-eabi-g++ -o "MuxTest.elf" @"objects.list"   -mcpu=cortex-m3 -T"C:\Users\jackm\STM32CubeIDE\workspace_1.18.1\MuxTest\STM32L152RETX_FLASH.ld" -Wl,-Map="MuxTest.map" -Wl,--gc-sections -static --specs=nano.specs -mfloat-abi=soft -mthumb -Wl,--start-group -lc -lm -lstdc++ -lsupc++ -Wl,--end-group
Finished building target: MuxTest.elf
 
arm-none-eabi-size  MuxTest.elf 
arm-none-eabi-objdump -h -S MuxTest.elf  > "MuxTest.list"
   text	   data	    bss	    dec	    hex	filename
 176988	    712	   7712	 185412	  2d444	MuxTest.elf
Finished building: default.size.stdout
 
Finished building: MuxTest.list
 
15:25:36 **** Incremental Build of configuration Debug for project MuxTest ****
make -j20 all 
arm-none-eabi-g++ "../Core/Src/main.cpp" -mcpu=cortex-m3 -std=gnu++14 -g3 -DDEBUG -DUSE_HAL_DRIVER -DSTM32L152xE -c -I../Core/Inc -I../Drivers/STM32L1xx_HAL_Driver/Inc -I../Drivers/STM32L1xx_HAL_Driver/Inc/Legacy -I../Drivers/CMSIS/Device/ST/STM32L1xx/Include -I../Drivers/CMSIS/Include -O0 -ffunction-sections -fdata-sections -fno-exceptions -fno-rtti -fno-use-cxa-atexit -Wall -fstack-usage -fcyclomatic-complexity -MMD -MP -MF"Core/Src/main.d" -MT"Core/Src/main.o" --specs=nano.specs -mfloat-abi=soft -mthumb -o "Core/Src/main.o"
arm-none-eabi-g++ -o "MuxTest.elf" @"objects.list"   -mcpu=cortex-m3 -T"C:\Users\jackm\STM32CubeIDE\workspace_1.18.1\MuxTest\STM32L152RETX_FLASH.ld" -Wl,-Map="MuxTest.map" -Wl,--gc-sections -static --specs=nano.specs -mfloat-abi=soft -mthumb -Wl,--start-group -lc -lm -lstdc++ -lsupc++ -Wl,--end-group
Finished building target: MuxTest.elf
 
arm-none-eabi-size  MuxTest.elf 
arm-none-eabi-objdump -h -S MuxTest.elf  > "MuxTest.list"
   text	   data	    bss	    dec	    hex	filename
 176988	    712	   7712	 185412	  2d444	MuxTest.elf
Finished building: default.size.stdout
 
Finished building: MuxTest.list
 
15:26:39 **** Incremental Build of configuration Debug for project MuxTest ****
make -j20 all 
arm-none-eabi-g++ "../Core/Src/main.cpp" -mcpu=cortex-m3 -std=gnu++14 -g3 -DDEBUG -DUSE_HAL_DRIVER -DSTM32L152xE -c -I../Core/Inc -I../Drivers/STM32L1xx_HAL_Driver/Inc -I../Drivers/STM32L1xx_HAL_Driver/Inc/Legacy -I../Drivers/CMSIS/Device/ST/STM32L1xx/Include -I../Drivers/CMSIS/Include -O0 -ffunction-sections -fdata-sections -fno-exceptions -fno-rtti -fno-use-cxa-atexit -Wall -fstack-usage -fcyclomatic-complexity -MMD -MP -MF"Core/Src/main.d" -MT"Core/Src/main.o" --specs=nano.specs -mfloat-abi=soft -mthumb -o "Core/Src/main.o"
arm-none-eabi-g++ -o "MuxTest.elf" @"objects.list"   -mcpu=cortex-m3 -T"C:\Users\jackm\STM32CubeIDE\workspace_1.18.1\MuxTest\STM32L152RETX_FLASH.ld" -Wl,-Map="MuxTest.map" -Wl,--gc-sections -static --specs=nano.specs -mfloat-abi=soft -mthumb -Wl,--start-group -lc -lm -lstdc++ -lsupc++ -Wl,--end-group
Finished building target: MuxTest.elf
 
arm-none-eabi-size  MuxTest.elf 
arm-none-eabi-objdump -h -S MuxTest.elf  > "MuxTest.list"
   text	   data	    bss	    dec	    hex	filename
 176988	    712	   7712	 185412	  2d444	MuxTest.elf
Finished building: default.size.stdout
 
Finished building: MuxTest.list
 
15:27:44 **** Incremental Build of configuration Debug for project MuxTest ****
make -j20 all 
arm-none-eabi-size  MuxTest.elf 
   text	   data	    bss	    dec	    hex	filename
 176988	    712	   7712	 185412	  2d444	MuxTest.elf
Finished building: default.size.stdout
 
15:36:39 **** Incremental Build of configuration Debug for project MuxTest ****
make -j20 all 
arm-none-eabi-g++ "../Core/Src/main.cpp" -mcpu=cortex-m3 -std=gnu++14 -g3 -DDEBUG -DUSE_HAL_DRIVER -DSTM32L152xE -c -I../Core/Inc -I../Drivers/STM32L1xx_HAL_Driver/Inc -I../Drivers/STM32L1xx_HAL_Driver/Inc/Legacy -I../Drivers/CMSIS/Device/ST/STM32L1xx/Include -I../Drivers/CMSIS/Include -O0 -ffunction-sections -fdata-sections -fno-exceptions -fno-rtti -fno-use-cxa-atexit -Wall -fstack-usage -fcyclomatic-complexity -MMD -MP -MF"Core/Src/main.d" -MT"Core/Src/main.o" --specs=nano.specs -mfloat-abi=soft -mthumb -o "Core/Src/main.o"
arm-none-eabi-g++ -o "MuxTest.elf" @"objects.list"   -mcpu=cortex-m3 -T"C:\Users\jackm\STM32CubeIDE\workspace_1.18.1\MuxTest\STM32L152RETX_FLASH.ld" -Wl,-Map="MuxTest.map" -Wl,--gc-sections -static --specs=nano.specs -mfloat-abi=soft -mthumb -Wl,--start-group -lc -lm -lstdc++ -lsupc++ -Wl,--end-group
Finished building target: MuxTest.elf
 
arm-none-eabi-size  MuxTest.elf 
arm-none-eabi-objdump -h -S MuxTest.elf  > "MuxTest.list"
   text	   data	    bss	    dec	    hex	filename
 177028	    712	   7712	 185452	  2d46c	MuxTest.elf
Finished building: default.size.stdout
 
Finished building: MuxTest.list
 
15:41:51 **** Incremental Build of configuration Debug for project MuxTest ****
make -j20 all 
arm-none-eabi-g++ "../Core/Src/main.cpp" -mcpu=cortex-m3 -std=gnu++14 -g3 -DDEBUG -DUSE_HAL_DRIVER -DSTM32L152xE -c -I../Core/Inc -I../Drivers/STM32L1xx_HAL_Driver/Inc -I../Drivers/STM32L1xx_HAL_Driver/Inc/Legacy -I../Drivers/CMSIS/Device/ST/STM32L1xx/Include -I../Drivers/CMSIS/Include -O0 -ffunction-sections -fdata-sections -fno-exceptions -fno-rtti -fno-use-cxa-atexit -Wall -fstack-usage -fcyclomatic-complexity -MMD -MP -MF"Core/Src/main.d" -MT"Core/Src/main.o" --specs=nano.specs -mfloat-abi=soft -mthumb -o "Core/Src/main.o"
arm-none-eabi-g++ -o "MuxTest.elf" @"objects.list"   -mcpu=cortex-m3 -T"C:\Users\jackm\STM32CubeIDE\workspace_1.18.1\MuxTest\STM32L152RETX_FLASH.ld" -Wl,-Map="MuxTest.map" -Wl,--gc-sections -static --specs=nano.specs -mfloat-abi=soft -mthumb -Wl,--start-group -lc -lm -lstdc++ -lsupc++ -Wl,--end-group
Finished building target: MuxTest.elf
 
arm-none-eabi-size  MuxTest.elf 
arm-none-eabi-objdump -h -S MuxTest.elf  > "MuxTest.list"
   text	   data	    bss	    dec	    hex	filename
 177036	    712	   7712	 185460	  2d474	MuxTest.elf
Finished building: default.size.stdout
 
Finished building: MuxTest.list
 
15:43:25 **** Incremental Build of configuration Debug for project MuxTest ****
make -j20 all 
arm-none-eabi-g++ "../Core/Src/main.cpp" -mcpu=cortex-m3 -std=gnu++14 -g3 -DDEBUG -DUSE_HAL_DRIVER -DSTM32L152xE -c -I../Core/Inc -I../Drivers/STM32L1xx_HAL_Driver/Inc -I../Drivers/STM32L1xx_HAL_Driver/Inc/Legacy -I../Drivers/CMSIS/Device/ST/STM32L1xx/Include -I../Drivers/CMSIS/Include -O0 -ffunction-sections -fdata-sections -fno-exceptions -fno-rtti -fno-use-cxa-atexit -Wall -fstack-usage -fcyclomatic-complexity -MMD -MP -MF"Core/Src/main.d" -MT"Core/Src/main.o" --specs=nano.specs -mfloat-abi=soft -mthumb -o "Core/Src/main.o"
arm-none-eabi-g++ -o "MuxTest.elf" @"objects.list"   -mcpu=cortex-m3 -T"C:\Users\jackm\STM32CubeIDE\workspace_1.18.1\MuxTest\STM32L152RETX_FLASH.ld" -Wl,-Map="MuxTest.map" -Wl,--gc-sections -static --specs=nano.specs -mfloat-abi=soft -mthumb -Wl,--start-group -lc -lm -lstdc++ -lsupc++ -Wl,--end-group
Finished building target: MuxTest.elf
 
arm-none-eabi-size  MuxTest.elf 
arm-none-eabi-objdump -h -S MuxTest.elf  > "MuxTest.list"
   text	   data	    bss	    dec	    hex	filename
 177028	    712	   7712	 185452	  2d46c	MuxTest.elf
Finished building: default.size.stdout
 
Finished building: MuxTest.list
 
