15:43:25 **** Incremental Build of configuration Debug for project MuxTest ****
make -j20 all 
arm-none-eabi-g++ "../Core/Src/main.cpp" -mcpu=cortex-m3 -std=gnu++14 -g3 -DDEBUG -DUSE_HAL_DRIVER -DSTM32L152xE -c -I../Core/Inc -I../Drivers/STM32L1xx_HAL_Driver/Inc -I../Drivers/STM32L1xx_HAL_Driver/Inc/Legacy -I../Drivers/CMSIS/Device/ST/STM32L1xx/Include -I../Drivers/CMSIS/Include -O0 -ffunction-sections -fdata-sections -fno-exceptions -fno-rtti -fno-use-cxa-atexit -Wall -fstack-usage -fcyclomatic-complexity -MMD -MP -MF"Core/Src/main.d" -MT"Core/Src/main.o" --specs=nano.specs -mfloat-abi=soft -mthumb -o "Core/Src/main.o"
arm-none-eabi-g++ -o "MuxTest.elf" @"objects.list"   -mcpu=cortex-m3 -T"C:\Users\jackm\STM32CubeIDE\workspace_1.18.1\MuxTest\STM32L152RETX_FLASH.ld" -Wl,-Map="MuxTest.map" -Wl,--gc-sections -static --specs=nano.specs -mfloat-abi=soft -mthumb -Wl,--start-group -lc -lm -lstdc++ -lsupc++ -Wl,--end-group
Finished building target: MuxTest.elf
 
arm-none-eabi-size  MuxTest.elf 
arm-none-eabi-objdump -h -S MuxTest.elf  > "MuxTest.list"
   text	   data	    bss	    dec	    hex	filename
 177028	    712	   7712	 185452	  2d46c	MuxTest.elf
Finished building: default.size.stdout
 
Finished building: MuxTest.list
 

15:43:26 Build Finished. 0 errors, 0 warnings. (took 898ms)

