C:\ST\STM32CubeIDE_1.18.1\STM32CubeIDE\plugins\com.st.stm32cube.ide.mcu.externaltools.gnu-tools-for-stm32.13.3.rel1.win32_1.0.0.202411081344\tools\arm-none-eabi\include\c++\13.3.1\arm-none-eabi\thumb\v6-m\nofp\bits\gthr-default.h:229:1:int __gthread_key_delete(__gthread_key_t)	16	static
../Core/Src/main.cpp:67:5:int main()	40	static
../Core/Src/main.cpp:152:6:void SystemClock_Config()	80	static
../Core/Src/main.cpp:188:13:void MX_SPI1_Init()	8	static
../Core/Src/main.cpp:228:13:void MX_GPIO_Init()	48	static
../Core/Src/main.cpp:277:6:void Error_Handler()	8	static,ignoring_inline_asm
